Microchip MPLAB XC8 Compiler V3.00

Linker command line:

-W-3 \
  --edf=C:/Program Files/Microchip/MPLABX/v6.25/packs/Microchip/PIC18Fxxxx_DFP/1.7.171/xc8\pic\dat\20250117225543_en.msgs \
  -cn -h+dist/default/debug\VolumeControlHID.X.debug.sym \
  --cmf=dist/default/debug\VolumeControlHID.X.debug.cmf -z -Q18F2550 \
  -oC:\Users\trent\AppData\Local\Temp\xcAs14cg.\driver_tmp_3.o \
  --defsym=__MPLAB_BUILD=1 --fixupoverflow=error \
  -Mdist/default/debug/VolumeControlHID.X.debug.map \
  --md=C:\Users\trent\AppData\Local\Temp\xcAs14cg.\driver_tmp_0.dat -E1 \
  -ver=XC8 Compiler -ACODE=00h-07D3Fh -ACONST=00h-07D3Fh \
  -ASMALLCONST=0800h-08FFhx117,07D00h-07D3Fh -AMEDIUMCONST=0800h-07D3Fh \
  -ACOMRAM=01h-05Fh -AABS1=00h-03EEh,0400h-07FFh \
  -ABIGRAM=01h-03EEh,0400h-07FFh \
  -ARAM=060h-0FFh,0100h-01FFhx2,0300h-03EEh,0400h-04FFhx4 -ABANK0=060h-0FFh \
  -ABANK1=0100h-01FFh -ABANK2=0200h-02FFh -ABANK3=0300h-03EEh \
  -ABANK4=0400h-04FFh -ABANK5=0500h-05FFh -ABANK6=0600h-06FFh \
  -ABANK7=0700h-07FFh \
  -ASFR=0F60h-0F9Bh,0F9Dh-0FD3h,0FD5h-0FDAh,0FE0h-0FE2h,0FE8h-0FEAh,0FF0h-0FFBh \
  -ABIGSFR=0F60h-0F9Bh,0F9Dh-0FD3h,0FD5h-0FDAh,0FE0h-0FE2h,0FE8h-0FEAh,0FF0h-0FFBh \
  -ACONFIG=0300000h-030000Dh -AIDLOC=0200000h-0200007h \
  -AEEDATA=0F00000h-0F000FFh -peeprom_data=EEDATA \
  -preset_vec=00h,intcode=8h,intcodelo=18h,sivt_lo,sivt_hi=CODE \
  -ppowerup=CODE,init -pramtop=0800h -psmallconst=SMALLCONST \
  -pmediumconst=MEDIUMCONST -pconst=CONST -AFARRAM=00h-00h \
  -prdata=COMRAM,nvrram=COMRAM,nvbit=COMRAM,rbss=COMRAM,rbit=COMRAM \
  -pfarbss=FARRAM,fardata=FARRAM,nvFARRAM=FARRAM \
  -pintsave_regs=BIGRAM,bigbss=BIGRAM,bigdata=BIGRAM -pbss=RAM \
  -pidata=CODE,irdata=CODE,ibigdata=CODE,ifardata=CODE -prparam=COMRAM \
  C:\Users\trent\AppData\Local\Temp\xcAs14cg.\driver_tmp_9.o \
  dist/default/debug\VolumeControlHID.X.debug.o 

Object code version is 3.11

Machine type is 18F2550



                Name                               Link     Load   Length Selector   Space Scale
C:\Users\trent\AppData\Local\Temp\xcAs14cg.\driver_tmp_9.o
                config                           300000   300000        E        0       4
                init                                  E        E        4        4       0
                reset_vec                             0        0        6        0       0
dist/default/debug\VolumeControlHID.X.debug.o
                intcode                               8        8        6        4       0
                config                           300000   300000        E        0       4
                temp                                 56       56        1        1       1
                mediumconst                        7C74     7C74       CC     3E3A       0
                text45                              EAA      EAA      110        4       0
                text44                             10BC     10BC      102        4       0
                text43                             13A0     13A0       EC        4       0
                text42                              672      672      140        4       0
                text41                             198A     198A       70        4       0
                text40                             1E8A     1E8A       42        4       0
                text39                             1862     1862       A8        4       0
                text38                             1CDE     1CDE       4C        4       0
                text37                             1ECC     1ECC       3E        4       0
                text36                             1B24     1B24       62        4       0
                text35                             1AC2     1AC2       62        4       0
                text34                             11BE     11BE       F4        4       0
                text33                              8EA      8EA      138        4       0
                text32                             1DBE     1DBE       46        4       0
                text31                             1A60     1A60       62        4       0
                text30                             1D74     1D74       4A        4       0
                text29                             1560     1560       D2        4       0
                text28                               12       12      306        4       0
                text27                              52C      52C      146        4       0
                text26                             12B2     12B2       EE        4       0
                text25                             1F80     1F80       38        4       0
                text24                             148C     148C       D4        4       0
                text23                              FBA      FBA      102        4       0
                text22                             17B8     17B8       AA        4       0
                text21                              7B2      7B2      138        4       0
                text20                             190A     190A       80        4       0
                text19                             1C40     1C40       50        4       0
                text18                             1700     1700       B8        4       0
                text17                             1FB8     1FB8       34        4       0
                text16                             1B86     1B86       60        4       0
                text15                             1FEC     1FEC       2C        4       0
                text14                             1F0A     1F0A       3C        4       0
                text13                              D98      D98      112        4       0
                text12                              318      318      214        4       0
                intcode_body                       1BE6     1BE6       5A        4       0
                text10                             1E04     1E04       44        4       0
                text9                              1632     1632       CE        4       0
                text8                               B58      B58      12A        4       0
                text7                              1F46     1F46       3A        4       0
                text6                               A22      A22      136        4       0
                text5                              1D2A     1D2A       4A        4       0
                text4                              19FA     19FA       66        4       0
                text3                              1C90     1C90       4E        4       0
                text2                              1E48     1E48       42        4       0
                text1                               C82      C82      116        4       0
                text0                              203E     203E       1A        4       0
                cstackCOMRAM                         2C       2C       2A        1       1
                cstackBANK0                          7A       7A       10       60       1
                bssBANK0                             60       60       1A       60       1
                bssCOMRAM                             1        1       2B        1       1
                cinit                              2018     2018       26        4       0

TOTAL           Name                               Link     Load   Length     Space
        CLASS   CODE           
                intcode                               8        8        6         0
                init                                  E        E        4         0
                reset_vec                             0        0        6         0
                text45                              EAA      EAA      110         0
                text44                             10BC     10BC      102         0
                text43                             13A0     13A0       EC         0
                text42                              672      672      140         0
                text41                             198A     198A       70         0
                text40                             1E8A     1E8A       42         0
                text39                             1862     1862       A8         0
                text38                             1CDE     1CDE       4C         0
                text37                             1ECC     1ECC       3E         0
                text36                             1B24     1B24       62         0
                text35                             1AC2     1AC2       62         0
                text34                             11BE     11BE       F4         0
                text33                              8EA      8EA      138         0
                text32                             1DBE     1DBE       46         0
                text31                             1A60     1A60       62         0
                text30                             1D74     1D74       4A         0
                text29                             1560     1560       D2         0
                text28                               12       12      306         0
                text27                              52C      52C      146         0
                text26                             12B2     12B2       EE         0
                text25                             1F80     1F80       38         0
                text24                             148C     148C       D4         0
                text23                              FBA      FBA      102         0
                text22                             17B8     17B8       AA         0
                text21                              7B2      7B2      138         0
                text20                             190A     190A       80         0
                text19                             1C40     1C40       50         0
                text18                             1700     1700       B8         0
                text17                             1FB8     1FB8       34         0
                text16                             1B86     1B86       60         0
                text15                             1FEC     1FEC       2C         0
                text14                             1F0A     1F0A       3C         0
                text13                              D98      D98      112         0
                text12                              318      318      214         0
                intcode_body                       1BE6     1BE6       5A         0
                text10                             1E04     1E04       44         0
                text9                              1632     1632       CE         0
                text8                               B58      B58      12A         0
                text7                              1F46     1F46       3A         0
                text6                               A22      A22      136         0
                text5                              1D2A     1D2A       4A         0
                text4                              19FA     19FA       66         0
                text3                              1C90     1C90       4E         0
                text2                              1E48     1E48       42         0
                text1                               C82      C82      116         0
                text0                              203E     203E       1A         0
                cinit                              2018     2018       26         0

        CLASS   CONST          

        CLASS   SMALLCONST     

        CLASS   MEDIUMCONST    
                mediumconst                        7C74     7C74       CC         0

        CLASS   COMRAM         
                temp                                 56       56        1         1
                cstackCOMRAM                         2C       2C       2A         1
                bssCOMRAM                             1        1       2B         1

        CLASS   ABS1           
                abs_s1                              400      400       30         1
                abs_s1                              500      500        2         1

        CLASS   BIGRAM         

        CLASS   RAM            

        CLASS   BANK0          
                cstackBANK0                          7A       7A       10         1
                bssBANK0                             60       60       1A         1

        CLASS   BANK1          

        CLASS   BANK2          

        CLASS   BANK3          

        CLASS   BANK4          

        CLASS   BANK5          

        CLASS   BANK6          

        CLASS   BANK7          

        CLASS   SFR            

        CLASS   BIGSFR         

        CLASS   CONFIG         
                config                           300000   300000        E         4

        CLASS   IDLOC          

        CLASS   EEDATA         

        CLASS   FARRAM         

        CLASS   HEAP           

        CLASS   STACK          



SEGMENTS        Name                           Load    Length   Top    Selector   Space  Class

                reset_vec                      000000  000006  000006         0       0  CODE    
                bssCOMRAM                      000001  000056  000057         1       1  COMRAM  
                intcode                        000008  002050  002058         4       0  CODE    
                bssBANK0                       000060  00002A  00008A        60       1  BANK0   
                mediumconst                    007C74  0000CC  007D40      3E3A       0  MEDIUMCO


UNUSED ADDRESS RANGES

        Name                Unused          Largest block    Delta
        BANK0            00008A-0000FF               76
        BANK1            000100-0001FF              100
        BANK2            000200-0002FF              100
        BANK3            000300-0003EE               EF
        BANK4            000430-0004FF               D0
        BANK5            000502-0005FF               FE
        BANK6            000600-0006FF              100
        BANK7            000700-0007FF              100
        BIGRAM           000057-00005F                9
                         00008A-0003EE              365
                         000430-0004FF               D0
                         000502-0007FF              2FE
        BIGSFR           000F60-000F9B               3C
                         000F9D-000FD3               37
                         000FD5-000FDA                6
                         000FE0-000FE2                3
                         000FE8-000FEA                3
                         000FF0-000FFB                C
        CODE             000006-000007                2
                         002058-007C73             5C1C
        COMRAM           000057-00005F                9
        CONST            000006-000007                2
                         002058-007C73             5C1C
        EEDATA           F00000-F000FF              100
        IDLOC            200000-200007                8
        MEDIUMCONST      002058-007C73             5C1C
        RAM              00008A-0003EE              100
                         000430-0004FF               D0
                         000502-0007FF              100
        SFR              000F60-000F9B               3C
                         000F9D-000FD3               37
                         000FD5-000FDA                6
                         000FE0-000FE2                3
                         000FE8-000FEA                3
                         000FF0-000FFB                C
        SMALLCONST       002058-007C73              100

                                  Symbol Table

?_USBTransferOnePacket                               cstackBANK0  00007A
APP_ConsumerTasks@encoder_dir                        cstackBANK0  000088
APP_ConsumerTasks@i                                  cstackBANK0  000089
APP_ConsumerTasks@needToSendNewReportPacket_consumer cstackBANK0  000087
APP_LEDUpdateUSBStatus@ledCount                      bssCOMRAM    00001B
BUTTON_Enable@button                                 cstackBANK0  00007C
ENCODER_GetDirection@direction                       cstackBANK0  00007A
ENCODER_Task@current_state                           cstackBANK0  00007D
ENCODER_Task@direction                               cstackBANK0  00007C
LED_Enable@led                                       cstackBANK0  00007C
LED_Off@led                                          cstackCOMRAM 00002E
LED_On@led                                           cstackCOMRAM 00002E
SYSTEM_Initialize@state                              cstackBANK0  00007F
USBConfigureEndpoint@EPNum                           cstackCOMRAM 000033
USBConfigureEndpoint@direction                       cstackCOMRAM 00002C
USBConfigureEndpoint@handle                          cstackCOMRAM 000034
USBCtrlTrfInHandler@lastDTS                          cstackCOMRAM 00002D
USBCtrlTrfRxService@byteToRead                       cstackCOMRAM 00002D
USBCtrlTrfRxService@i                                cstackCOMRAM 00002C
USBCtrlTrfTxService@byteToSend                       cstackCOMRAM 00002C
USBDeviceInit@i                                      cstackBANK0  000082
USBDeviceTasks@i                                     cstackCOMRAM 00004B
USBEnableEndpoint@ep                                 cstackCOMRAM 000039
USBEnableEndpoint@options                            cstackCOMRAM 000036
USBEnableEndpoint@p                                  cstackCOMRAM 000037
USBStdFeatureReqHandler@current_ep_data              cstackCOMRAM 000046
USBStdFeatureReqHandler@p                            cstackCOMRAM 000047
USBStdFeatureReqHandler@pUEP                         cstackCOMRAM 000044
USBStdGetStatusHandler@p                             cstackCOMRAM 00002C
USBStdSetCfgHandler@i                                cstackCOMRAM 000042
USBTransferOnePacket@data                            cstackBANK0  00007B
USBTransferOnePacket@dir                             cstackBANK0  00007A
USBTransferOnePacket@ep                              cstackBANK0  000082
USBTransferOnePacket@handle                          cstackBANK0  000083
USBTransferOnePacket@len                             cstackBANK0  00007D
USER_USB_CALLBACK_EVENT_HANDLER@event                cstackCOMRAM 00003A
USER_USB_CALLBACK_EVENT_HANDLER@pdata                cstackCOMRAM 00003C
USER_USB_CALLBACK_EVENT_HANDLER@size                 cstackCOMRAM 00003E
_APP_ConsumerInit                                    text37       001ECC
_APP_ConsumerTasks                                   text6        000A22
_APP_LEDUpdateUSBStatus                              text34       0011BE
_BDT                                                 (abs)        000400
_BUTTON_Enable                                       text5        001D2A
_BothEP0OutUOWNsSet                                  bssCOMRAM    000022
_CtrlTrfData                                         (abs)        000428
_ENCODER_GetDirection                                text10       001E04
_ENCODER_Initialize                                  text40       001E8A
_ENCODER_Task                                        text9        001632
_INTCON2bits                                         (abs)        000FF1
_INTCONbits                                          (abs)        000FF2
_IPR2bits                                            (abs)        000FA2
_LATAbits                                            (abs)        000F89
_LED_Enable                                          text4        0019FA
_LED_Off                                             text36       001B24
_LED_On                                              text35       001AC2
_LocalSOFCount                                       bssBANK0     00006C
_OldSOFCount                                         bssBANK0     00006A
_PIE2bits                                            (abs)        000FA0
_PIR2bits                                            (abs)        000FA1
_PORTBbits                                           (abs)        000F81
_RCONbits                                            (abs)        000FD0
_RemoteWakeup                                        bssCOMRAM    000025
_SOFCounter                                          bssCOMRAM    000011
_SYSTEM_Initialize                                   text3        001C90
_SYS_InterruptHigh                                   intcode      000008
_SetupPkt                                            (abs)        000420
_TRISAbits                                           (abs)        000F92
_TRISBbits                                           (abs)        000F93
_UADDR                                               (abs)        000F6E
_UCFG                                                (abs)        000F6F
_UCON                                                (abs)        000F6D
_UCONbits                                            (abs)        000F6D
_UEIE                                                (abs)        000F6B
_UEIR                                                (abs)        000F6A
_UEP0                                                (abs)        000F70
_UEP0bits                                            (abs)        000F70
_UEP1                                                (abs)        000F71
_UIE                                                 (abs)        000F69
_UIEbits                                             (abs)        000F69
_UIR                                                 (abs)        000F68
_UIRbits                                             (abs)        000F68
_USB1msTickCount                                     bssBANK0     000060
_USBActiveConfiguration                              bssCOMRAM    00002B
_USBAlternateInterface                               bssCOMRAM    00002A
_USBBusIsSuspended                                   bssCOMRAM    000024
_USBCheckHIDRequest                                  text33       0008EA
_USBCheckStdRequest                                  text23       000FBA
_USBConfigureEndpoint                                text39       001862
_USBCtrlEPAllowDataStage                             text22       0017B8
_USBCtrlEPAllowStatusStage                           text43       0013A0
_USBCtrlEPService                                    text18       001700
_USBCtrlEPServiceComplete                            text21       0007B2
_USBCtrlTrfInHandler                                 text44       0010BC
_USBCtrlTrfOutHandler                                text41       00198A
_USBCtrlTrfRxService                                 text42       000672
_USBCtrlTrfSetupHandler                              text20       00190A
_USBCtrlTrfTxService                                 text45       000EAA
_USBDeferINDataStagePackets                          bssBANK0     000077
_USBDeferOUTDataStagePackets                         bssBANK0     000076
_USBDeferStatusStagePacket                           bssCOMRAM    000020
_USBDeviceAttach                                     text2        001E48
_USBDeviceInit                                       text1        000C82
_USBDeviceState                                      bssCOMRAM    000028
_USBDeviceTasks                                      text12       000318
_USBEnableEndpoint                                   text38       001CDE
_USBIncrement1msInternalTimers                       text17       001FB8
_USBStallHandler                                     text16       001B86
_USBStatusStageEnabledFlag1                          bssCOMRAM    00001F
_USBStatusStageEnabledFlag2                          bssCOMRAM    00001E
_USBStatusStageTimeoutCounter                        bssCOMRAM    000021
_USBStdFeatureReqHandler                             text28       000012
_USBStdGetDscHandler                                 text27       00052C
_USBStdGetStatusHandler                              text26       0012B2
_USBStdSetCfgHandler                                 text24       00148C
_USBSuspend                                          text15       001FEC
_USBTicksSinceSuspendEnd                             bssBANK0     000075
_USBTransferOnePacket                                text8        000B58
_USBWakeFromSuspend                                  text14       001F0A
_USB_CD_Ptr                                          mediumconst  007C8B
_USB_SD_Ptr                                          mediumconst  007C85
_USER_USB_CALLBACK_EVENT_HANDLER                     text29       001560
_USTAT                                               (abs)        000F6C
_USTATcopy                                           bssCOMRAM    000029
__HRAM                                               (abs)        000000
__H__absolute__                                      __absolute__ 000000
__Habs1                                              abs1         000000
__Hbank0                                             bank0        000000
__Hbank1                                             bank1        000000
__Hbank2                                             bank2        000000
__Hbank3                                             bank3        000000
__Hbank4                                             bank4        000000
__Hbank5                                             bank5        000000
__Hbank6                                             bank6        000000
__Hbank7                                             bank7        000000
__Hbigbss                                            bigbss       000000
__Hbigdata                                           bigdata      000000
__Hbigram                                            bigram       000000
__Hbigsfr                                            bigsfr       000000
__Hbss                                               bss          000000
__HbssBANK0                                          bssBANK0     000000
__HbssCOMRAM                                         bssCOMRAM    000000
__Hcinit                                             cinit        000000
__Hclrtext                                           clrtext      000000
__Hcomram                                            comram       000000
__Hconfig                                            config       30000E
__Hconst                                             const        000000
__HcstackBANK0                                       cstackBANK0  000000
__HcstackCOMRAM                                      cstackCOMRAM 000000
__Hdata                                              data         000000
__Heeprom_data                                       eeprom_data  000000
__Hfarbss                                            farbss       000000
__Hfardata                                           fardata      000000
__Hheap                                              heap         000000
__Hibigdata                                          ibigdata     000000
__Hidata                                             idata        000000
__Hidloc                                             idloc        000000
__Hifardata                                          ifardata     000000
__Hinit                                              init         000012
__Hintcode                                           intcode      00000E
__Hintcode_body                                      intcode_body 000000
__Hintcodelo                                         intcodelo    000018
__Hintentry                                          intentry     000000
__Hintret                                            intret       000000
__Hintsave_regs                                      intsave_regs 000000
__Hirdata                                            irdata       000000
__Hmediumconst                                       mediumconst  007D40
__HnvFARRAM                                          nvFARRAM     000000
__Hnvbit                                             nvbit        000000
__Hnvrram                                            nvrram       000000
__Hparam                                             rparam       000000
__Hpowerup                                           powerup      000000
__Hram                                               ram          000000
__Hramtop                                            ramtop       000800
__Hrbit                                              rbit         000000
__Hrbss                                              rbss         000000
__Hrdata                                             rdata        000000
__Hreset_vec                                         reset_vec    000006
__Hrparam                                            rparam       000000
__Hsfr                                               sfr          000000
__Hsivt_hi                                           sivt_hi      000000
__Hsivt_lo                                           sivt_lo      000018
__Hsmallconst                                        smallconst   000000
__Hspace_0                                           (abs)        007D40
__Hspace_1                                           (abs)        00008A
__Hspace_2                                           (abs)        000000
__Hspace_4                                           (abs)        60000E
__Hstack                                             stack        000000
__Hstruct                                            struct       000000
__Htemp                                              temp         000057
__Htext                                              text         000000
__Htext0                                             text0        000000
__Htext1                                             text1        000000
__Htext10                                            text10       000000
__Htext12                                            text12       000000
__Htext13                                            text13       000000
__Htext14                                            text14       000000
__Htext15                                            text15       000000
__Htext16                                            text16       000000
__Htext17                                            text17       000000
__Htext18                                            text18       000000
__Htext19                                            text19       000000
__Htext2                                             text2        000000
__Htext20                                            text20       000000
__Htext21                                            text21       000000
__Htext22                                            text22       000000
__Htext23                                            text23       000000
__Htext24                                            text24       000000
__Htext25                                            text25       000000
__Htext26                                            text26       000000
__Htext27                                            text27       000000
__Htext28                                            text28       000000
__Htext29                                            text29       000000
__Htext3                                             text3        000000
__Htext30                                            text30       000000
__Htext31                                            text31       000000
__Htext32                                            text32       000000
__Htext33                                            text33       000000
__Htext34                                            text34       000000
__Htext35                                            text35       000000
__Htext36                                            text36       000000
__Htext37                                            text37       000000
__Htext38                                            text38       000000
__Htext39                                            text39       000000
__Htext4                                             text4        000000
__Htext40                                            text40       000000
__Htext41                                            text41       000000
__Htext42                                            text42       000000
__Htext43                                            text43       000000
__Htext44                                            text44       000000
__Htext45                                            text45       000000
__Htext5                                             text5        000000
__Htext6                                             text6        000000
__Htext7                                             text7        000000
__Htext8                                             text8        000000
__Htext9                                             text9        000000
__LRAM                                               (abs)        000001
__L__absolute__                                      __absolute__ 000000
__Labs1                                              abs1         000000
__Lbank0                                             bank0        000000
__Lbank1                                             bank1        000000
__Lbank2                                             bank2        000000
__Lbank3                                             bank3        000000
__Lbank4                                             bank4        000000
__Lbank5                                             bank5        000000
__Lbank6                                             bank6        000000
__Lbank7                                             bank7        000000
__Lbigbss                                            bigbss       000000
__Lbigdata                                           bigdata      000000
__Lbigram                                            bigram       000000
__Lbigsfr                                            bigsfr       000000
__Lbss                                               bss          000000
__LbssBANK0                                          bssBANK0     000000
__LbssCOMRAM                                         bssCOMRAM    000000
__Lcinit                                             cinit        000000
__Lclrtext                                           clrtext      000000
__Lcomram                                            comram       000000
__Lconfig                                            config       000000
__Lconst                                             const        000000
__LcstackBANK0                                       cstackBANK0  000000
__LcstackCOMRAM                                      cstackCOMRAM 000000
__Ldata                                              data         000000
__Leeprom_data                                       eeprom_data  000000
__Lfarbss                                            farbss       000000
__Lfardata                                           fardata      000000
__Lheap                                              heap         000000
__Libigdata                                          ibigdata     000000
__Lidata                                             idata        000000
__Lidloc                                             idloc        000000
__Lifardata                                          ifardata     000000
__Linit                                              init         00000E
__Lintcode                                           intcode      000008
__Lintcode_body                                      intcode_body 000000
__Lintcodelo                                         intcodelo    000018
__Lintentry                                          intentry     000000
__Lintret                                            intret       000000
__Lintsave_regs                                      intsave_regs 000000
__Lirdata                                            irdata       000000
__Lmediumconst                                       mediumconst  007C74
__LnvFARRAM                                          nvFARRAM     000000
__Lnvbit                                             nvbit        000000
__Lnvrram                                            nvrram       000000
__Lparam                                             rparam       000000
__Lpowerup                                           powerup      000000
__Lram                                               ram          000000
__Lramtop                                            ramtop       000800
__Lrbit                                              rbit         000000
__Lrbss                                              rbss         000000
__Lrdata                                             rdata        000000
__Lreset_vec                                         reset_vec    000000
__Lrparam                                            rparam       000000
__Lsfr                                               sfr          000000
__Lsivt_hi                                           sivt_hi      000000
__Lsivt_lo                                           sivt_lo      000018
__Lsmallconst                                        smallconst   000000
__Lspace_0                                           (abs)        000000
__Lspace_1                                           (abs)        000000
__Lspace_2                                           (abs)        000000
__Lspace_4                                           (abs)        000000
__Lstack                                             stack        000000
__Lstruct                                            struct       000000
__Ltemp                                              temp         000056
__Ltext                                              text         000000
__Ltext0                                             text0        000000
__Ltext1                                             text1        000000
__Ltext10                                            text10       000000
__Ltext12                                            text12       000000
__Ltext13                                            text13       000000
__Ltext14                                            text14       000000
__Ltext15                                            text15       000000
__Ltext16                                            text16       000000
__Ltext17                                            text17       000000
__Ltext18                                            text18       000000
__Ltext19                                            text19       000000
__Ltext2                                             text2        000000
__Ltext20                                            text20       000000
__Ltext21                                            text21       000000
__Ltext22                                            text22       000000
__Ltext23                                            text23       000000
__Ltext24                                            text24       000000
__Ltext25                                            text25       000000
__Ltext26                                            text26       000000
__Ltext27                                            text27       000000
__Ltext28                                            text28       000000
__Ltext29                                            text29       000000
__Ltext3                                             text3        000000
__Ltext30                                            text30       000000
__Ltext31                                            text31       000000
__Ltext32                                            text32       000000
__Ltext33                                            text33       000000
__Ltext34                                            text34       000000
__Ltext35                                            text35       000000
__Ltext36                                            text36       000000
__Ltext37                                            text37       000000
__Ltext38                                            text38       000000
__Ltext39                                            text39       000000
__Ltext4                                             text4        000000
__Ltext40                                            text40       000000
__Ltext41                                            text41       000000
__Ltext42                                            text42       000000
__Ltext43                                            text43       000000
__Ltext44                                            text44       000000
__Ltext45                                            text45       000000
__Ltext5                                             text5        000000
__Ltext6                                             text6        000000
__Ltext7                                             text7        000000
__Ltext8                                             text8        000000
__Ltext9                                             text9        000000
__S0                                                 (abs)        007D40
__S1                                                 (abs)        00008A
__S4                                                 (abs)        000000
__S5                                                 (abs)        000000
___heap_hi                                           (abs)        000000
___heap_lo                                           (abs)        000000
___inthi_sp                                          stack        000000
___inthi_stack_hi                                    stack        000000
___inthi_stack_lo                                    stack        000000
___intlo_sp                                          stack        000000
___intlo_stack_hi                                    stack        000000
___intlo_stack_lo                                    stack        000000
___param_bank                                        (abs)        000000
___rparam_used                                       (abs)        000001
___sp                                                stack        000000
___stack_hi                                          stack        000000
___stack_lo                                          stack        000000
__accesstop                                          (abs)        000060
__activetblptr                                       (abs)        000002
__end_of_APP_ConsumerInit                            text37       001F0A
__end_of_APP_ConsumerTasks                           text6        000B58
__end_of_APP_LEDUpdateUSBStatus                      text34       0012B2
__end_of_BUTTON_Enable                               text5        001D74
__end_of_ENCODER_GetDirection                        text10       001E48
__end_of_ENCODER_Initialize                          text40       001ECC
__end_of_ENCODER_Task                                text9        001700
__end_of_LED_Enable                                  text4        001A60
__end_of_LED_Off                                     text36       001B86
__end_of_LED_On                                      text35       001B24
__end_of_SYSTEM_Initialize                           text3        001CDE
__end_of_SYS_InterruptHigh                           intcode_body 001C40
__end_of_USBCheckHIDRequest                          text33       000A22
__end_of_USBCheckStdRequest                          text23       0010BC
__end_of_USBConfigureEndpoint                        text39       00190A
__end_of_USBCtrlEPAllowDataStage                     text22       001862
__end_of_USBCtrlEPAllowStatusStage                   text43       00148C
__end_of_USBCtrlEPService                            text18       0017B8
__end_of_USBCtrlEPServiceComplete                    text21       0008EA
__end_of_USBCtrlTrfInHandler                         text44       0011BE
__end_of_USBCtrlTrfOutHandler                        text41       0019FA
__end_of_USBCtrlTrfRxService                         text42       0007B2
__end_of_USBCtrlTrfSetupHandler                      text20       00198A
__end_of_USBCtrlTrfTxService                         text45       000FBA
__end_of_USBDeviceAttach                             text2        001E8A
__end_of_USBDeviceInit                               text1        000D98
__end_of_USBDeviceTasks                              text12       00052C
__end_of_USBEnableEndpoint                           text38       001D2A
__end_of_USBIncrement1msInternalTimers               text17       001FEC
__end_of_USBStallHandler                             text16       001BE6
__end_of_USBStdFeatureReqHandler                     text28       000318
__end_of_USBStdGetDscHandler                         text27       000672
__end_of_USBStdGetStatusHandler                      text26       0013A0
__end_of_USBStdSetCfgHandler                         text24       001560
__end_of_USBSuspend                                  text15       002018
__end_of_USBTransferOnePacket                        text8        000C82
__end_of_USBWakeFromSuspend                          text14       001F46
__end_of_USB_CD_Ptr                                  mediumconst  007C8D
__end_of_USB_SD_Ptr                                  mediumconst  007C8B
__end_of_USER_USB_CALLBACK_EVENT_HANDLER             text29       001632
__end_of__initialization                             cinit        002030
__end_of_configDescriptor1                           mediumconst  007D0A
__end_of_device_dsc                                  mediumconst  007D3A
__end_of_encoder_table                               mediumconst  007C85
__end_of_hid_rpt01                                   mediumconst  007CE8
__end_of_main                                        text0        002058
__end_of_memcpy                                      text19       001C90
__end_of_memset                                      text7        001F80
__end_of_sd000                                       mediumconst  007D3E
__end_of_sd001                                       mediumconst  007CC1
__end_of_sd002                                       mediumconst  007D28
__end_ofi2_BUTTON_Enable                             text32       001E04
__end_ofi2_LED_Enable                                text31       001AC2
__end_ofi2_SYSTEM_Initialize                         text30       001DBE
__end_ofi2_USBDeviceInit                             text13       000EAA
__end_ofi2_memset                                    text25       001FB8
__initialization                                     cinit        002018
__mediumconst                                        mediumconst  007C74
__pbssBANK0                                          bssBANK0     000060
__pbssCOMRAM                                         bssCOMRAM    000001
__pcinit                                             cinit        002018
__pcstackBANK0                                       cstackBANK0  00007A
__pcstackCOMRAM                                      cstackCOMRAM 00002C
__pintcode                                           intcode      000008
__pintcode_body                                      intcode_body 001BE6
__pmediumconst                                       mediumconst  007C74
__ptext0                                             text0        00203E
__ptext1                                             text1        000C82
__ptext10                                            text10       001E04
__ptext12                                            text12       000318
__ptext13                                            text13       000D98
__ptext14                                            text14       001F0A
__ptext15                                            text15       001FEC
__ptext16                                            text16       001B86
__ptext17                                            text17       001FB8
__ptext18                                            text18       001700
__ptext19                                            text19       001C40
__ptext2                                             text2        001E48
__ptext20                                            text20       00190A
__ptext21                                            text21       0007B2
__ptext22                                            text22       0017B8
__ptext23                                            text23       000FBA
__ptext24                                            text24       00148C
__ptext25                                            text25       001F80
__ptext26                                            text26       0012B2
__ptext27                                            text27       00052C
__ptext28                                            text28       000012
__ptext29                                            text29       001560
__ptext3                                             text3        001C90
__ptext30                                            text30       001D74
__ptext31                                            text31       001A60
__ptext32                                            text32       001DBE
__ptext33                                            text33       0008EA
__ptext34                                            text34       0011BE
__ptext35                                            text35       001AC2
__ptext36                                            text36       001B24
__ptext37                                            text37       001ECC
__ptext38                                            text38       001CDE
__ptext39                                            text39       001862
__ptext4                                             text4        0019FA
__ptext40                                            text40       001E8A
__ptext41                                            text41       00198A
__ptext42                                            text42       000672
__ptext43                                            text43       0013A0
__ptext44                                            text44       0010BC
__ptext45                                            text45       000EAA
__ptext5                                             text5        001D2A
__ptext6                                             text6        000A22
__ptext7                                             text7        001F46
__ptext8                                             text8        000B58
__ptext9                                             text9        001632
__ramtop                                             ramtop       000800
__smallconst                                         mediumconst  007C74
_active_protocol                                     bssBANK0     000078
_configDescriptor1                                   mediumconst  007CE8
_consumerReport                                      (abs)        000500
_controlTransferState                                bssCOMRAM    000026
_debounce_count                                      bssBANK0     000073
_device_dsc                                          mediumconst  007D28
_encoder_count                                       bssCOMRAM    00001D
_encoder_prev_state                                  bssBANK0     000074
_encoder_table                                       mediumconst  007C75
_endpoint_number                                     bssCOMRAM    000023
_ep_data_in                                          bssCOMRAM    000015
_ep_data_out                                         bssCOMRAM    000013
_hid_rpt01                                           mediumconst  007CC1
_idle_rate                                           bssBANK0     000079
_inPipes                                             bssCOMRAM    000008
_lastConsumerTransmission                            bssBANK0     000068
_last_stable_state                                   bssBANK0     000072
_main                                                text0        00203E
_memcpy                                              text19       001C40
_memset                                              text7        001F46
_oldconsumerReport                                   bssBANK0     00006E
_outPipes                                            bssCOMRAM    000001
_pBDTEntryEP0OutCurrent                              bssCOMRAM    000019
_pBDTEntryEP0OutNext                                 bssCOMRAM    000017
_pBDTEntryIn                                         bssCOMRAM    00000D
_pBDTEntryOut                                        bssBANK0     000064
_pDst                                                bssBANK0     000070
_sd000                                               mediumconst  007D3A
_sd001                                               mediumconst  007C8D
_sd002                                               mediumconst  007D0A
_shortPacketStatus                                   bssCOMRAM    000027
btemp                                                temp         000056
end_of_initialization                                cinit        002030
i2BUTTON_Enable@button                               cstackCOMRAM 00002E
i2LED_Enable@led                                     cstackCOMRAM 00002E
i2SYSTEM_Initialize@state                            cstackCOMRAM 000031
i2USBDeviceInit@i                                    cstackCOMRAM 000034
i2_BUTTON_Enable                                     text32       001DBE
i2_LED_Enable                                        text31       001A60
i2_SYSTEM_Initialize                                 text30       001D74
i2_USBDeviceInit                                     text13       000D98
i2_memset                                            text25       001F80
i2memset@c                                           cstackCOMRAM 00002E
i2memset@dest                                        cstackCOMRAM 00002C
i2memset@n                                           cstackCOMRAM 000030
i2memset@p                                           cstackCOMRAM 000032
int$flags                                            temp         000056
int_func                                             intcode_body 001BE6
intlevel0                                            text         000000
intlevel1                                            text         000000
intlevel2                                            text         000000
intlevel3                                            text         000000
isa$std                                              (abs)        000001
isa$xinst                                            (abs)        000000
memcpy@d                                             cstackCOMRAM 000032
memcpy@d1                                            cstackCOMRAM 00002C
memcpy@n                                             cstackCOMRAM 000030
memcpy@s                                             cstackCOMRAM 000034
memcpy@s1                                            cstackCOMRAM 00002E
memcpy@tmp                                           cstackCOMRAM 000036
memset@c                                             cstackBANK0  00007C
memset@dest                                          cstackBANK0  00007A
memset@n                                             cstackBANK0  00007E
memset@p                                             cstackBANK0  000080
stackhi                                              (abs)        000000
stacklo                                              (abs)        000000
start                                                init         00000E
start_initialization                                 cinit        002018
ttemp5                                               temp         000057
ttemp6                                               temp         00005A
ttemp7                                               temp         00005E
wtemp8                                               temp         000057


MODULE INFORMATION

Module		Function		Class		Link	Load	Size
usb_device_hid.c
		_USBCheckHIDRequest		CODE           	08EA	0000	312

usb_device_hid.c estimated size: 312

C:\Program Files\Microchip\xc8\v3.00\pic\sources\c99\common\memcpy.c
		_memcpy        		CODE           	1C40	0000	80

C:\Program Files\Microchip\xc8\v3.00\pic\sources\c99\common\memcpy.c estimated size: 80

app_device_consumer.c
		_APP_ConsumerInit		CODE           	1ECC	0000	62
		_APP_ConsumerTasks		CODE           	0A22	0000	310

app_device_consumer.c estimated size: 372

buttons.c
		_BUTTON_Enable 		CODE           	1D2A	0000	74

buttons.c estimated size: 74

app_led_usb_status.c
		_APP_LEDUpdateUSBStatus		CODE           	11BE	0000	244

app_led_usb_status.c estimated size: 244

shared
		_configDescriptor1		MEDIUMCONST    	7CE8	0000	34
		_USB_CD_Ptr    		MEDIUMCONST    	7C8B	0000	2
		_sd001         		MEDIUMCONST    	7C8D	0000	52
		i2_BUTTON_Enable		CODE           	1DBE	0000	70
		_sd002         		MEDIUMCONST    	7D0A	0000	30
		i2_USBDeviceInit		CODE           	0D98	0000	274
		__initialization		CODE           	2018	0000	24
		_device_dsc    		MEDIUMCONST    	7D28	0000	18
		i2_SYSTEM_Initialize		CODE           	1D74	0000	74
		_USB_SD_Ptr    		MEDIUMCONST    	7C85	0000	6
		i2_LED_Enable  		CODE           	1A60	0000	98
		_encoder_table 		MEDIUMCONST    	7C75	0000	16
		_hid_rpt01     		MEDIUMCONST    	7CC1	0000	39
		i2_memset      		CODE           	1F80	0000	56
		_sd000         		MEDIUMCONST    	7D3A	0000	4

shared estimated size: 797

leds.c
		_LED_Off       		CODE           	1B24	0000	98
		_LED_On        		CODE           	1AC2	0000	98
		_LED_Enable    		CODE           	19FA	0000	102

leds.c estimated size: 298

usb_device.c
		_USBCtrlTrfInHandler		CODE           	10BC	0000	258
		_USBTransferOnePacket		CODE           	0B58	0000	298
		_USBDeviceAttach		CODE           	1E48	0000	66
		_USBStdGetDscHandler		CODE           	052C	0000	326
		_USBCtrlEPAllowDataStage		CODE           	17B8	0000	170
		_USBStdFeatureReqHandler		CODE           	0012	0000	774
		_USBCtrlEPAllowStatusStage		CODE           	13A0	0000	236
		_USBCtrlTrfSetupHandler		CODE           	190A	0000	128
		_USBCtrlTrfOutHandler		CODE           	198A	0000	112
		_USBCtrlEPServiceComplete		CODE           	07B2	0000	312
		_USBSuspend    		CODE           	1FEC	0000	44
		_USBStdSetCfgHandler		CODE           	148C	0000	212
		_USBStdGetStatusHandler		CODE           	12B2	0000	238
		_USBWakeFromSuspend		CODE           	1F0A	0000	60
		_USBCtrlTrfRxService		CODE           	0672	0000	320
		_USBCtrlTrfTxService		CODE           	0EAA	0000	272
		_USBEnableEndpoint		CODE           	1CDE	0000	76
		_USBConfigureEndpoint		CODE           	1862	0000	168
		_USBDeviceInit 		CODE           	0C82	0000	278
		_USBIncrement1msInternalTimers		CODE           	1FB8	0000	52
		_USBCtrlEPService		CODE           	1700	0000	184
		_USBStallHandler		CODE           	1B86	0000	96
		_USBDeviceTasks		CODE           	0318	0000	532
		_USBCheckStdRequest		CODE           	0FBA	0000	258

usb_device.c estimated size: 5470

usb_events.c
		_USER_USB_CALLBACK_EVENT_HANDLER		CODE           	1560	0000	210

usb_events.c estimated size: 210

C:\Program Files\Microchip\xc8\v3.00\pic\sources\c99\common\memset.c
		_memset        		CODE           	1F46	0000	58

C:\Program Files\Microchip\xc8\v3.00\pic\sources\c99\common\memset.c estimated size: 58

encoder.c
		_ENCODER_Task  		CODE           	1632	0000	206
		_ENCODER_Initialize		CODE           	1E8A	0000	66
		_ENCODER_GetDirection		CODE           	1E04	0000	68

encoder.c estimated size: 340

main.c
		_main          		CODE           	203E	0000	26

main.c estimated size: 26

system.c
		_SYS_InterruptHigh		CODE           	0008	0000	96
		_SYSTEM_Initialize		CODE           	1C90	0000	78

system.c estimated size: 174

