Microchip MPLAB XC8 Compiler V3.00

Linker command line:

-W-3 \
  --edf=C:/Program Files/Microchip/MPLABX/v6.25/packs/Microchip/PIC18Fxxxx_DFP/1.7.171/xc8\pic\dat\20250117225543_en.msgs \
  -cn -h+dist/default/debug\VolumeControlHID.X.debug.sym \
  --cmf=dist/default/debug\VolumeControlHID.X.debug.cmf -z -Q18F4550 \
  -oC:\Users\trent\AppData\Local\Temp\xcAsjm0.\driver_tmp_3.o \
  --defsym=__MPLAB_BUILD=1 --fixupoverflow=error \
  -Mdist/default/debug/VolumeControlHID.X.debug.map \
  --md=C:\Users\trent\AppData\Local\Temp\xcAsjm0.\driver_tmp_0.dat -E1 \
  -ver=XC8 Compiler -ACODE=00h-07D3Fh -ACONST=00h-07D3Fh \
  -ASMALLCONST=0800h-08FFhx117,07D00h-07D3Fh -AMEDIUMCONST=0800h-07D3Fh \
  -ACOMRAM=01h-05Fh -AABS1=00h-03EEh,0400h-07FFh \
  -ABIGRAM=01h-03EEh,0400h-07FFh \
  -ARAM=060h-0FFh,0100h-01FFhx2,0300h-03EEh,0400h-04FFhx4 -ABANK0=060h-0FFh \
  -ABANK1=0100h-01FFh -ABANK2=0200h-02FFh -ABANK3=0300h-03EEh \
  -ABANK4=0400h-04FFh -ABANK5=0500h-05FFh -ABANK6=0600h-06FFh \
  -ABANK7=0700h-07FFh \
  -ASFR=0F60h-0F9Bh,0F9Dh-0FD3h,0FD5h-0FDAh,0FE0h-0FE2h,0FE8h-0FEAh,0FF0h-0FFBh \
  -ABIGSFR=0F60h-0F9Bh,0F9Dh-0FD3h,0FD5h-0FDAh,0FE0h-0FE2h,0FE8h-0FEAh,0FF0h-0FFBh \
  -ACONFIG=0300000h-030000Dh -AIDLOC=0200000h-0200007h \
  -AEEDATA=0F00000h-0F000FFh -peeprom_data=EEDATA \
  -preset_vec=00h,intcode=8h,intcodelo=18h,sivt_lo,sivt_hi=CODE \
  -ppowerup=CODE,init -pramtop=0800h -psmallconst=SMALLCONST \
  -pmediumconst=MEDIUMCONST -pconst=CONST -AFARRAM=00h-00h \
  -prdata=COMRAM,nvrram=COMRAM,nvbit=COMRAM,rbss=COMRAM,rbit=COMRAM \
  -pfarbss=FARRAM,fardata=FARRAM,nvFARRAM=FARRAM \
  -pintsave_regs=BIGRAM,bigbss=BIGRAM,bigdata=BIGRAM -pbss=RAM \
  -pidata=CODE,irdata=CODE,ibigdata=CODE,ifardata=CODE -prparam=COMRAM \
  C:\Users\trent\AppData\Local\Temp\xcAsjm0.\driver_tmp_9.o \
  dist/default/debug\VolumeControlHID.X.debug.o 

Object code version is 3.11

Machine type is 18F4550



                Name                               Link     Load   Length Selector   Space Scale
C:\Users\trent\AppData\Local\Temp\xcAsjm0.\driver_tmp_9.o
                config                           300000   300000        E        0       4
                init                                  E        E        4        4       0
                reset_vec                             0        0        6        0       0
dist/default/debug\VolumeControlHID.X.debug.o
                intcode                               8        8        6        4       0
                config                           300000   300000        E        0       4
                temp                                 5C       5C        1        1       1
                mediumconst                        7C68     7C68       D8     3E34       0
                text51                             1254     1254      110        4       0
                text50                             1F08     1F08       62        4       0
                text49                             1EA6     1EA6       62        4       0
                text48                             232E     232E       22        4       0
                text47                             23A2     23A2        A        4       0
                text46                              CAC      CAC      132        4       0
                text45                             1648     1648       EC        4       0
                text44                              778      778      170        4       0
                text43                             1BD2     1BD2       70        4       0
                text42                             1A3C     1A3C       A8        4       0
                text41                             20BE     20BE       4C        4       0
                text40                              F08      F08      126        4       0
                text39                             1DDE     1DDE       66        4       0
                text38                             1466     1466       F4        4       0
                text37                             236C     236C       1C        4       0
                text36                             2350     2350       1C        4       0
                text35                              8E8      8E8      14A        4       0
                text34                             2154     2154       46        4       0
                text33                             1E44     1E44       62        4       0
                text32                             206E     206E       50        4       0
                text31                             1808     1808       D4        4       0
                text30                               12       12      306        4       0
                text29                              A32      A32      146        4       0
                text28                             155A     155A       EE        4       0
                text27                             2250     2250       38        4       0
                text26                             1734     1734       D4        4       0
                text25                             1364     1364      102        4       0
                text24                             1994     1994       A8        4       0
                text23                              B78      B78      134        4       0
                text22                             1AE4     1AE4       7E        4       0
                text21                             201E     201E       50        4       0
                text20                             18DC     18DC       B8        4       0
                text19                             2288     2288       34        4       0
                text18                             1F6A     1F6A       60        4       0
                text17                             22BC     22BC       2A        4       0
                text16                             2216     2216       3A        4       0
                text15                             1144     1144      110        4       0
                text14                              564      564      214        4       0
                intcode_body                       1C42     1C42       6A        4       0
                text12                             1D78     1D78       66        4       0
                text11                             1D12     1D12       66        4       0
                text10                             230C     230C       22        4       0
                text9                              1B62     1B62       70        4       0
                text8                               DDE      DDE      12A        4       0
                text7                              21DC     21DC       3A        4       0
                text6                               318      318      24C        4       0
                text5                              210A     210A       4A        4       0
                text4                              1CAC     1CAC       66        4       0
                text3                              1FCA     1FCA       54        4       0
                text2                              219A     219A       42        4       0
                text1                              102E     102E      116        4       0
                text0                              2388     2388       1A        4       0
                cstackCOMRAM                         30       30       2C        1       1
                cstackBANK0                          7E       7E       11       60       1
                bssBANK0                             60       60       1E       60       1
                bssCOMRAM                             1        1       2F        1       1
                cinit                              22E6     22E6       26        4       0

TOTAL           Name                               Link     Load   Length     Space
        CLASS   CODE           
                intcode                               8        8        6         0
                init                                  E        E        4         0
                reset_vec                             0        0        6         0
                text51                             1254     1254      110         0
                text50                             1F08     1F08       62         0
                text49                             1EA6     1EA6       62         0
                text48                             232E     232E       22         0
                text47                             23A2     23A2        A         0
                text46                              CAC      CAC      132         0
                text45                             1648     1648       EC         0
                text44                              778      778      170         0
                text43                             1BD2     1BD2       70         0
                text42                             1A3C     1A3C       A8         0
                text41                             20BE     20BE       4C         0
                text40                              F08      F08      126         0
                text39                             1DDE     1DDE       66         0
                text38                             1466     1466       F4         0
                text37                             236C     236C       1C         0
                text36                             2350     2350       1C         0
                text35                              8E8      8E8      14A         0
                text34                             2154     2154       46         0
                text33                             1E44     1E44       62         0
                text32                             206E     206E       50         0
                text31                             1808     1808       D4         0
                text30                               12       12      306         0
                text29                              A32      A32      146         0
                text28                             155A     155A       EE         0
                text27                             2250     2250       38         0
                text26                             1734     1734       D4         0
                text25                             1364     1364      102         0
                text24                             1994     1994       A8         0
                text23                              B78      B78      134         0
                text22                             1AE4     1AE4       7E         0
                text21                             201E     201E       50         0
                text20                             18DC     18DC       B8         0
                text19                             2288     2288       34         0
                text18                             1F6A     1F6A       60         0
                text17                             22BC     22BC       2A         0
                text16                             2216     2216       3A         0
                text15                             1144     1144      110         0
                text14                              564      564      214         0
                intcode_body                       1C42     1C42       6A         0
                text12                             1D78     1D78       66         0
                text11                             1D12     1D12       66         0
                text10                             230C     230C       22         0
                text9                              1B62     1B62       70         0
                text8                               DDE      DDE      12A         0
                text7                              21DC     21DC       3A         0
                text6                               318      318      24C         0
                text5                              210A     210A       4A         0
                text4                              1CAC     1CAC       66         0
                text3                              1FCA     1FCA       54         0
                text2                              219A     219A       42         0
                text1                              102E     102E      116         0
                text0                              2388     2388       1A         0
                cinit                              22E6     22E6       26         0

        CLASS   CONST          

        CLASS   SMALLCONST     

        CLASS   MEDIUMCONST    
                mediumconst                        7C68     7C68       D8         0

        CLASS   COMRAM         
                temp                                 5C       5C        1         1
                cstackCOMRAM                         30       30       2C         1
                bssCOMRAM                             1        1       2F         1

        CLASS   ABS1           
                abs_s1                              400      400       30         1
                abs_s1                              500      500        9         1

        CLASS   BIGRAM         

        CLASS   RAM            

        CLASS   BANK0          
                cstackBANK0                          7E       7E       11         1
                bssBANK0                             60       60       1E         1

        CLASS   BANK1          

        CLASS   BANK2          

        CLASS   BANK3          

        CLASS   BANK4          

        CLASS   BANK5          

        CLASS   BANK6          

        CLASS   BANK7          

        CLASS   SFR            

        CLASS   BIGSFR         

        CLASS   CONFIG         
                config                           300000   300000        E         4

        CLASS   IDLOC          

        CLASS   EEDATA         

        CLASS   FARRAM         

        CLASS   HEAP           

        CLASS   STACK          



SEGMENTS        Name                           Load    Length   Top    Selector   Space  Class

                reset_vec                      000000  000006  000006         0       0  CODE    
                bssCOMRAM                      000001  00005C  00005D         1       1  COMRAM  
                intcode                        000008  0023A4  0023AC         4       0  CODE    
                bssBANK0                       000060  00002F  00008F        60       1  BANK0   
                mediumconst                    007C68  0000D8  007D40      3E34       0  MEDIUMCO


UNUSED ADDRESS RANGES

        Name                Unused          Largest block    Delta
        BANK0            00008F-0000FF               71
        BANK1            000100-0001FF              100
        BANK2            000200-0002FF              100
        BANK3            000300-0003EE               EF
        BANK4            000430-0004FF               D0
        BANK5            000509-0005FF               F7
        BANK6            000600-0006FF              100
        BANK7            000700-0007FF              100
        BIGRAM           00005D-00005F                3
                         00008F-0003EE              360
                         000430-0004FF               D0
                         000509-0007FF              2F7
        BIGSFR           000F60-000F9B               3C
                         000F9D-000FD3               37
                         000FD5-000FDA                6
                         000FE0-000FE2                3
                         000FE8-000FEA                3
                         000FF0-000FFB                C
        CODE             000006-000007                2
                         0023AC-007C67             58BC
        COMRAM           00005D-00005F                3
        CONST            000006-000007                2
                         0023AC-007C67             58BC
        EEDATA           F00000-F000FF              100
        IDLOC            200000-200007                8
        MEDIUMCONST      0023AC-007C67             58BC
        RAM              00008F-0003EE              100
                         000430-0004FF               D0
                         000509-0007FF              100
        SFR              000F60-000F9B               3C
                         000F9D-000FD3               37
                         000FD5-000FDA                6
                         000FE0-000FE2                3
                         000FE8-000FEA                3
                         000FF0-000FFB                C
        SMALLCONST       0023AC-007C67              100

                                  Symbol Table

?_USBTransferOnePacket                      cstackBANK0  00007E
?i2_USBTransferOnePacket                    cstackCOMRAM 000030
APP_KeyboardTasks@TimeDeltaMilliseconds     cstackBANK0  00008C
APP_KeyboardTasks@i                         cstackBANK0  00008E
APP_KeyboardTasks@needToSendNewReportPacket cstackBANK0  00008B
APP_LEDUpdateUSBStatus@ledCount             bssCOMRAM    00001D
BUTTON_Enable@button                        cstackBANK0  000080
BUTTON_IsPressed@button                     cstackBANK0  000080
LED_Enable@led                              cstackBANK0  000080
LED_Off@led                                 cstackBANK0  000080
LED_On@led                                  cstackBANK0  000080
SYSTEM_Initialize@state                     cstackBANK0  000083
USBConfigureEndpoint@EPNum                  cstackCOMRAM 000037
USBConfigureEndpoint@direction              cstackCOMRAM 000030
USBConfigureEndpoint@handle                 cstackCOMRAM 000038
USBCtrlTrfInHandler@lastDTS                 cstackCOMRAM 000033
USBCtrlTrfRxService@byteToRead              cstackCOMRAM 000034
USBCtrlTrfRxService@i                       cstackCOMRAM 000033
USBCtrlTrfTxService@byteToSend              cstackCOMRAM 000030
USBDeviceInit@i                             cstackBANK0  000086
USBDeviceTasks@i                            cstackCOMRAM 00004F
USBEnableEndpoint@ep                        cstackCOMRAM 00003D
USBEnableEndpoint@options                   cstackCOMRAM 00003A
USBEnableEndpoint@p                         cstackCOMRAM 00003B
USBHIDCBSetIdleRateHandler@newIdleRate      cstackCOMRAM 000030
USBHIDCBSetIdleRateHandler@reportID         cstackCOMRAM 000031
USBStdFeatureReqHandler@current_ep_data     cstackCOMRAM 00004A
USBStdFeatureReqHandler@p                   cstackCOMRAM 00004B
USBStdFeatureReqHandler@pUEP                cstackCOMRAM 000048
USBStdGetStatusHandler@p                    cstackCOMRAM 000030
USBStdSetCfgHandler@i                       cstackCOMRAM 000046
USBTransferOnePacket@data                   cstackBANK0  00007F
USBTransferOnePacket@dir                    cstackBANK0  00007E
USBTransferOnePacket@ep                     cstackBANK0  000086
USBTransferOnePacket@handle                 cstackBANK0  000087
USBTransferOnePacket@len                    cstackBANK0  000081
USER_USB_CALLBACK_EVENT_HANDLER@event       cstackCOMRAM 00003E
USER_USB_CALLBACK_EVENT_HANDLER@pdata       cstackCOMRAM 000040
USER_USB_CALLBACK_EVENT_HANDLER@size        cstackCOMRAM 000042
_APP_KeyboardInit                           text39       001DDE
_APP_KeyboardProcessOutputReport            text10       00230C
_APP_KeyboardTasks                          text6        000318
_APP_LEDUpdateUSBStatus                     text38       001466
_BDT                                        (abs)        000400
_BUTTON_Enable                              text5        00210A
_BUTTON_IsPressed                           text9        001B62
_BothEP0OutUOWNsSet                         bssCOMRAM    000026
_CtrlTrfData                                (abs)        000428
_INTCONbits                                 (abs)        000FF2
_IPR2bits                                   (abs)        000FA2
_LATDbits                                   (abs)        000F8C
_LED_Enable                                 text4        001CAC
_LED_Off                                    text12       001D78
_LED_On                                     text11       001D12
_LocalSOFCount                              bssBANK0     000076
_OldSOFCount                                bssBANK0     000074
_PIE2bits                                   (abs)        000FA0
_PIR2bits                                   (abs)        000FA1
_PORTBbits                                  (abs)        000F81
_RCONbits                                   (abs)        000FD0
_RemoteWakeup                               bssCOMRAM    000029
_SOFCounter                                 bssBANK0     00007A
_SYSTEM_Initialize                          text3        001FCA
_SYS_InterruptHigh                          intcode      000008
_SetupPkt                                   (abs)        000420
_TRISBbits                                  (abs)        000F93
_TRISDbits                                  (abs)        000F95
_UADDR                                      (abs)        000F6E
_UCFG                                       (abs)        000F6F
_UCON                                       (abs)        000F6D
_UCONbits                                   (abs)        000F6D
_UEIE                                       (abs)        000F6B
_UEIR                                       (abs)        000F6A
_UEP0                                       (abs)        000F70
_UEP0bits                                   (abs)        000F70
_UEP1                                       (abs)        000F71
_UIE                                        (abs)        000F69
_UIEbits                                    (abs)        000F69
_UIR                                        (abs)        000F68
_UIRbits                                    (abs)        000F68
_USB1msTickCount                            bssBANK0     00006E
_USBActiveConfiguration                     bssCOMRAM    00002F
_USBAlternateInterface                      bssCOMRAM    00002E
_USBBusIsSuspended                          bssCOMRAM    000028
_USBCheckHIDRequest                         text35       0008E8
_USBCheckStdRequest                         text25       001364
_USBConfigureEndpoint                       text42       001A3C
_USBCtrlEPAllowDataStage                    text24       001994
_USBCtrlEPAllowStatusStage                  text45       001648
_USBCtrlEPService                           text20       0018DC
_USBCtrlEPServiceComplete                   text23       000B78
_USBCtrlTrfInHandler                        text46       000CAC
_USBCtrlTrfOutHandler                       text43       001BD2
_USBCtrlTrfRxService                        text44       000778
_USBCtrlTrfSetupHandler                     text22       001AE4
_USBCtrlTrfTxService                        text51       001254
_USBDeferINDataStagePackets                 bssCOMRAM    000021
_USBDeferOUTDataStagePackets                bssCOMRAM    000020
_USBDeferStatusStagePacket                  bssCOMRAM    000024
_USBDeviceAttach                            text2        00219A
_USBDeviceInit                              text1        00102E
_USBDeviceState                             bssCOMRAM    00002C
_USBDeviceTasks                             text14       000564
_USBEnableEndpoint                          text41       0020BE
_USBHIDCBSetIdleRateHandler                 text37       00236C
_USBHIDCBSetReportComplete                  text47       0023A2
_USBHIDCBSetReportHandler                   text36       002350
_USBIncrement1msInternalTimers              text19       002288
_USBStallHandler                            text18       001F6A
_USBStatusStageEnabledFlag1                 bssCOMRAM    000023
_USBStatusStageEnabledFlag2                 bssCOMRAM    000022
_USBStatusStageTimeoutCounter               bssCOMRAM    000025
_USBStdFeatureReqHandler                    text30       000012
_USBStdGetDscHandler                        text29       000A32
_USBStdGetStatusHandler                     text28       00155A
_USBStdSetCfgHandler                        text26       001734
_USBSuspend                                 text17       0022BC
_USBTicksSinceSuspendEnd                    bssCOMRAM    00001F
_USBTransferOnePacket                       text8        000DDE
_USBWakeFromSuspend                         text16       002216
_USB_CD_Ptr                                 mediumconst  007C6F
_USB_SD_Ptr                                 mediumconst  007C69
_USER_USB_CALLBACK_EVENT_HANDLER            text31       001808
_USTAT                                      (abs)        000F6C
_USTATcopy                                  bssCOMRAM    00002D
__HRAM                                      (abs)        000000
__H__absolute__                             __absolute__ 000000
__Habs1                                     abs1         000000
__Hbank0                                    bank0        000000
__Hbank1                                    bank1        000000
__Hbank2                                    bank2        000000
__Hbank3                                    bank3        000000
__Hbank4                                    bank4        000000
__Hbank5                                    bank5        000000
__Hbank6                                    bank6        000000
__Hbank7                                    bank7        000000
__Hbigbss                                   bigbss       000000
__Hbigdata                                  bigdata      000000
__Hbigram                                   bigram       000000
__Hbigsfr                                   bigsfr       000000
__Hbss                                      bss          000000
__HbssBANK0                                 bssBANK0     000000
__HbssCOMRAM                                bssCOMRAM    000000
__Hcinit                                    cinit        000000
__Hclrtext                                  clrtext      000000
__Hcomram                                   comram       000000
__Hconfig                                   config       30000E
__Hconst                                    const        000000
__HcstackBANK0                              cstackBANK0  000000
__HcstackCOMRAM                             cstackCOMRAM 000000
__Hdata                                     data         000000
__Heeprom_data                              eeprom_data  000000
__Hfarbss                                   farbss       000000
__Hfardata                                  fardata      000000
__Hheap                                     heap         000000
__Hibigdata                                 ibigdata     000000
__Hidata                                    idata        000000
__Hidloc                                    idloc        000000
__Hifardata                                 ifardata     000000
__Hinit                                     init         000012
__Hintcode                                  intcode      00000E
__Hintcode_body                             intcode_body 000000
__Hintcodelo                                intcodelo    000018
__Hintentry                                 intentry     000000
__Hintret                                   intret       000000
__Hintsave_regs                             intsave_regs 000000
__Hirdata                                   irdata       000000
__Hmediumconst                              mediumconst  007D40
__HnvFARRAM                                 nvFARRAM     000000
__Hnvbit                                    nvbit        000000
__Hnvrram                                   nvrram       000000
__Hparam                                    rparam       000000
__Hpowerup                                  powerup      000000
__Hram                                      ram          000000
__Hramtop                                   ramtop       000800
__Hrbit                                     rbit         000000
__Hrbss                                     rbss         000000
__Hrdata                                    rdata        000000
__Hreset_vec                                reset_vec    000006
__Hrparam                                   rparam       000000
__Hsfr                                      sfr          000000
__Hsivt_hi                                  sivt_hi      000000
__Hsivt_lo                                  sivt_lo      000018
__Hsmallconst                               smallconst   000000
__Hspace_0                                  (abs)        007D40
__Hspace_1                                  (abs)        00008F
__Hspace_2                                  (abs)        000000
__Hspace_4                                  (abs)        60000E
__Hstack                                    stack        000000
__Hstruct                                   struct       000000
__Htemp                                     temp         00005D
__Htext                                     text         000000
__Htext0                                    text0        000000
__Htext1                                    text1        000000
__Htext10                                   text10       000000
__Htext11                                   text11       000000
__Htext12                                   text12       000000
__Htext14                                   text14       000000
__Htext15                                   text15       000000
__Htext16                                   text16       000000
__Htext17                                   text17       000000
__Htext18                                   text18       000000
__Htext19                                   text19       000000
__Htext2                                    text2        000000
__Htext20                                   text20       000000
__Htext21                                   text21       000000
__Htext22                                   text22       000000
__Htext23                                   text23       000000
__Htext24                                   text24       000000
__Htext25                                   text25       000000
__Htext26                                   text26       000000
__Htext27                                   text27       000000
__Htext28                                   text28       000000
__Htext29                                   text29       000000
__Htext3                                    text3        000000
__Htext30                                   text30       000000
__Htext31                                   text31       000000
__Htext32                                   text32       000000
__Htext33                                   text33       000000
__Htext34                                   text34       000000
__Htext35                                   text35       000000
__Htext36                                   text36       000000
__Htext37                                   text37       000000
__Htext38                                   text38       000000
__Htext39                                   text39       000000
__Htext4                                    text4        000000
__Htext40                                   text40       000000
__Htext41                                   text41       000000
__Htext42                                   text42       000000
__Htext43                                   text43       000000
__Htext44                                   text44       000000
__Htext45                                   text45       000000
__Htext46                                   text46       000000
__Htext47                                   text47       000000
__Htext48                                   text48       000000
__Htext49                                   text49       000000
__Htext5                                    text5        000000
__Htext50                                   text50       000000
__Htext51                                   text51       000000
__Htext6                                    text6        000000
__Htext7                                    text7        000000
__Htext8                                    text8        000000
__Htext9                                    text9        000000
__LRAM                                      (abs)        000001
__L__absolute__                             __absolute__ 000000
__Labs1                                     abs1         000000
__Lbank0                                    bank0        000000
__Lbank1                                    bank1        000000
__Lbank2                                    bank2        000000
__Lbank3                                    bank3        000000
__Lbank4                                    bank4        000000
__Lbank5                                    bank5        000000
__Lbank6                                    bank6        000000
__Lbank7                                    bank7        000000
__Lbigbss                                   bigbss       000000
__Lbigdata                                  bigdata      000000
__Lbigram                                   bigram       000000
__Lbigsfr                                   bigsfr       000000
__Lbss                                      bss          000000
__LbssBANK0                                 bssBANK0     000000
__LbssCOMRAM                                bssCOMRAM    000000
__Lcinit                                    cinit        000000
__Lclrtext                                  clrtext      000000
__Lcomram                                   comram       000000
__Lconfig                                   config       000000
__Lconst                                    const        000000
__LcstackBANK0                              cstackBANK0  000000
__LcstackCOMRAM                             cstackCOMRAM 000000
__Ldata                                     data         000000
__Leeprom_data                              eeprom_data  000000
__Lfarbss                                   farbss       000000
__Lfardata                                  fardata      000000
__Lheap                                     heap         000000
__Libigdata                                 ibigdata     000000
__Lidata                                    idata        000000
__Lidloc                                    idloc        000000
__Lifardata                                 ifardata     000000
__Linit                                     init         00000E
__Lintcode                                  intcode      000008
__Lintcode_body                             intcode_body 000000
__Lintcodelo                                intcodelo    000018
__Lintentry                                 intentry     000000
__Lintret                                   intret       000000
__Lintsave_regs                             intsave_regs 000000
__Lirdata                                   irdata       000000
__Lmediumconst                              mediumconst  007C68
__LnvFARRAM                                 nvFARRAM     000000
__Lnvbit                                    nvbit        000000
__Lnvrram                                   nvrram       000000
__Lparam                                    rparam       000000
__Lpowerup                                  powerup      000000
__Lram                                      ram          000000
__Lramtop                                   ramtop       000800
__Lrbit                                     rbit         000000
__Lrbss                                     rbss         000000
__Lrdata                                    rdata        000000
__Lreset_vec                                reset_vec    000000
__Lrparam                                   rparam       000000
__Lsfr                                      sfr          000000
__Lsivt_hi                                  sivt_hi      000000
__Lsivt_lo                                  sivt_lo      000018
__Lsmallconst                               smallconst   000000
__Lspace_0                                  (abs)        000000
__Lspace_1                                  (abs)        000000
__Lspace_2                                  (abs)        000000
__Lspace_4                                  (abs)        000000
__Lstack                                    stack        000000
__Lstruct                                   struct       000000
__Ltemp                                     temp         00005C
__Ltext                                     text         000000
__Ltext0                                    text0        000000
__Ltext1                                    text1        000000
__Ltext10                                   text10       000000
__Ltext11                                   text11       000000
__Ltext12                                   text12       000000
__Ltext14                                   text14       000000
__Ltext15                                   text15       000000
__Ltext16                                   text16       000000
__Ltext17                                   text17       000000
__Ltext18                                   text18       000000
__Ltext19                                   text19       000000
__Ltext2                                    text2        000000
__Ltext20                                   text20       000000
__Ltext21                                   text21       000000
__Ltext22                                   text22       000000
__Ltext23                                   text23       000000
__Ltext24                                   text24       000000
__Ltext25                                   text25       000000
__Ltext26                                   text26       000000
__Ltext27                                   text27       000000
__Ltext28                                   text28       000000
__Ltext29                                   text29       000000
__Ltext3                                    text3        000000
__Ltext30                                   text30       000000
__Ltext31                                   text31       000000
__Ltext32                                   text32       000000
__Ltext33                                   text33       000000
__Ltext34                                   text34       000000
__Ltext35                                   text35       000000
__Ltext36                                   text36       000000
__Ltext37                                   text37       000000
__Ltext38                                   text38       000000
__Ltext39                                   text39       000000
__Ltext4                                    text4        000000
__Ltext40                                   text40       000000
__Ltext41                                   text41       000000
__Ltext42                                   text42       000000
__Ltext43                                   text43       000000
__Ltext44                                   text44       000000
__Ltext45                                   text45       000000
__Ltext46                                   text46       000000
__Ltext47                                   text47       000000
__Ltext48                                   text48       000000
__Ltext49                                   text49       000000
__Ltext5                                    text5        000000
__Ltext50                                   text50       000000
__Ltext51                                   text51       000000
__Ltext6                                    text6        000000
__Ltext7                                    text7        000000
__Ltext8                                    text8        000000
__Ltext9                                    text9        000000
__S0                                        (abs)        007D40
__S1                                        (abs)        00008F
__S4                                        (abs)        000000
__S5                                        (abs)        000000
___heap_hi                                  (abs)        000000
___heap_lo                                  (abs)        000000
___inthi_sp                                 stack        000000
___inthi_stack_hi                           stack        000000
___inthi_stack_lo                           stack        000000
___intlo_sp                                 stack        000000
___intlo_stack_hi                           stack        000000
___intlo_stack_lo                           stack        000000
___param_bank                               (abs)        000000
___rparam_used                              (abs)        000001
___sp                                       stack        000000
___stack_hi                                 stack        000000
___stack_lo                                 stack        000000
__accesstop                                 (abs)        000060
__activetblptr                              (abs)        000002
__end_of_APP_KeyboardInit                   text39       001E44
__end_of_APP_KeyboardProcessOutputReport    text10       00232E
__end_of_APP_KeyboardTasks                  text6        000564
__end_of_APP_LEDUpdateUSBStatus             text38       00155A
__end_of_BUTTON_Enable                      text5        002154
__end_of_BUTTON_IsPressed                   text9        001BD2
__end_of_LED_Enable                         text4        001D12
__end_of_LED_Off                            text12       001DDE
__end_of_LED_On                             text11       001D78
__end_of_SYSTEM_Initialize                  text3        00201E
__end_of_SYS_InterruptHigh                  intcode_body 001CAC
__end_of_USBCheckHIDRequest                 text35       000A32
__end_of_USBCheckStdRequest                 text25       001466
__end_of_USBConfigureEndpoint               text42       001AE4
__end_of_USBCtrlEPAllowDataStage            text24       001A3C
__end_of_USBCtrlEPAllowStatusStage          text45       001734
__end_of_USBCtrlEPService                   text20       001994
__end_of_USBCtrlEPServiceComplete           text23       000CAC
__end_of_USBCtrlTrfInHandler                text46       000DDE
__end_of_USBCtrlTrfOutHandler               text43       001C42
__end_of_USBCtrlTrfRxService                text44       0008E8
__end_of_USBCtrlTrfSetupHandler             text22       001B62
__end_of_USBCtrlTrfTxService                text51       001364
__end_of_USBDeviceAttach                    text2        0021DC
__end_of_USBDeviceInit                      text1        001144
__end_of_USBDeviceTasks                     text14       000778
__end_of_USBEnableEndpoint                  text41       00210A
__end_of_USBHIDCBSetIdleRateHandler         text37       002388
__end_of_USBHIDCBSetReportComplete          text47       0023AC
__end_of_USBHIDCBSetReportHandler           text36       00236C
__end_of_USBIncrement1msInternalTimers      text19       0022BC
__end_of_USBStallHandler                    text18       001FCA
__end_of_USBStdFeatureReqHandler            text30       000318
__end_of_USBStdGetDscHandler                text29       000B78
__end_of_USBStdGetStatusHandler             text28       001648
__end_of_USBStdSetCfgHandler                text26       001808
__end_of_USBSuspend                         text17       0022E6
__end_of_USBTransferOnePacket               text8        000F08
__end_of_USBWakeFromSuspend                 text16       002250
__end_of_USB_CD_Ptr                         mediumconst  007C71
__end_of_USB_SD_Ptr                         mediumconst  007C6F
__end_of_USER_USB_CALLBACK_EVENT_HANDLER    text31       0018DC
__end_of__initialization                    cinit        0022FE
__end_of_configDescriptor1                  mediumconst  007D0D
__end_of_device_dsc                         mediumconst  007D3B
__end_of_hid_rpt01                          mediumconst  007CB0
__end_of_main                               text0        0023A2
__end_of_memcpy                             text21       00206E
__end_of_memset                             text7        002216
__end_of_sd000                              mediumconst  007D3F
__end_of_sd001                              mediumconst  007CE4
__end_of_sd002                              mediumconst  007D29
__end_ofi2_APP_KeyboardProcessOutputReport  text48       002350
__end_ofi2_BUTTON_Enable                    text34       00219A
__end_ofi2_LED_Enable                       text33       001EA6
__end_ofi2_LED_Off                          text50       001F6A
__end_ofi2_LED_On                           text49       001F08
__end_ofi2_SYSTEM_Initialize                text32       0020BE
__end_ofi2_USBDeviceInit                    text15       001254
__end_ofi2_USBTransferOnePacket             text40       00102E
__end_ofi2_memset                           text27       002288
__initialization                            cinit        0022E6
__mediumconst                               mediumconst  007C68
__pbssBANK0                                 bssBANK0     000060
__pbssCOMRAM                                bssCOMRAM    000001
__pcinit                                    cinit        0022E6
__pcstackBANK0                              cstackBANK0  00007E
__pcstackCOMRAM                             cstackCOMRAM 000030
__pintcode                                  intcode      000008
__pintcode_body                             intcode_body 001C42
__pmediumconst                              mediumconst  007C68
__ptext0                                    text0        002388
__ptext1                                    text1        00102E
__ptext10                                   text10       00230C
__ptext11                                   text11       001D12
__ptext12                                   text12       001D78
__ptext14                                   text14       000564
__ptext15                                   text15       001144
__ptext16                                   text16       002216
__ptext17                                   text17       0022BC
__ptext18                                   text18       001F6A
__ptext19                                   text19       002288
__ptext2                                    text2        00219A
__ptext20                                   text20       0018DC
__ptext21                                   text21       00201E
__ptext22                                   text22       001AE4
__ptext23                                   text23       000B78
__ptext24                                   text24       001994
__ptext25                                   text25       001364
__ptext26                                   text26       001734
__ptext27                                   text27       002250
__ptext28                                   text28       00155A
__ptext29                                   text29       000A32
__ptext3                                    text3        001FCA
__ptext30                                   text30       000012
__ptext31                                   text31       001808
__ptext32                                   text32       00206E
__ptext33                                   text33       001E44
__ptext34                                   text34       002154
__ptext35                                   text35       0008E8
__ptext36                                   text36       002350
__ptext37                                   text37       00236C
__ptext38                                   text38       001466
__ptext39                                   text39       001DDE
__ptext4                                    text4        001CAC
__ptext40                                   text40       000F08
__ptext41                                   text41       0020BE
__ptext42                                   text42       001A3C
__ptext43                                   text43       001BD2
__ptext44                                   text44       000778
__ptext45                                   text45       001648
__ptext46                                   text46       000CAC
__ptext47                                   text47       0023A2
__ptext48                                   text48       00232E
__ptext49                                   text49       001EA6
__ptext5                                    text5        00210A
__ptext50                                   text50       001F08
__ptext51                                   text51       001254
__ptext6                                    text6        000318
__ptext7                                    text7        0021DC
__ptext8                                    text8        000DDE
__ptext9                                    text9        001B62
__ramtop                                    ramtop       000800
__smallconst                                mediumconst  007C68
_active_protocol                            bssBANK0     00007C
_configDescriptor1                          mediumconst  007CE4
_controlTransferState                       bssCOMRAM    00002A
_device_dsc                                 mediumconst  007D29
_endpoint_number                            bssCOMRAM    000027
_ep_data_in                                 bssCOMRAM    000017
_ep_data_out                                bssCOMRAM    000015
_hid_rpt01                                  mediumconst  007C71
_idle_rate                                  bssBANK0     00007D
_inPipes                                    bssCOMRAM    000008
_inputReport                                (abs)        000500
_keyboard                                   bssBANK0     000068
_keyboardIdleRate                           bssBANK0     000078
_main                                       text0        002388
_memcpy                                     text21       00201E
_memset                                     text7        0021DC
_oldInputReport                             bssBANK0     000060
_outPipes                                   bssCOMRAM    000001
_outputReport                               (abs)        000508
_pBDTEntryEP0OutCurrent                     bssCOMRAM    00001B
_pBDTEntryEP0OutNext                        bssCOMRAM    000019
_pBDTEntryIn                                bssCOMRAM    00000D
_pBDTEntryOut                               bssCOMRAM    000011
_pDst                                       bssBANK0     000072
_sd000                                      mediumconst  007D3B
_sd001                                      mediumconst  007CB0
_sd002                                      mediumconst  007D0D
_shortPacketStatus                          bssCOMRAM    00002B
btemp                                       temp         00005C
end_of_initialization                       cinit        0022FE
i2BUTTON_Enable@button                      cstackCOMRAM 000032
i2LED_Enable@led                            cstackCOMRAM 000032
i2LED_Off@led                               cstackCOMRAM 000032
i2LED_On@led                                cstackCOMRAM 000032
i2SYSTEM_Initialize@state                   cstackCOMRAM 000035
i2USBDeviceInit@i                           cstackCOMRAM 000038
i2USBTransferOnePacket@data                 cstackCOMRAM 000031
i2USBTransferOnePacket@dir                  cstackCOMRAM 000030
i2USBTransferOnePacket@ep                   cstackCOMRAM 000038
i2USBTransferOnePacket@handle               cstackCOMRAM 000039
i2USBTransferOnePacket@len                  cstackCOMRAM 000033
i2_APP_KeyboardProcessOutputReport          text48       00232E
i2_BUTTON_Enable                            text34       002154
i2_LED_Enable                               text33       001E44
i2_LED_Off                                  text50       001F08
i2_LED_On                                   text49       001EA6
i2_SYSTEM_Initialize                        text32       00206E
i2_USBDeviceInit                            text15       001144
i2_USBTransferOnePacket                     text40       000F08
i2_memset                                   text27       002250
i2memset@c                                  cstackCOMRAM 000032
i2memset@dest                               cstackCOMRAM 000030
i2memset@n                                  cstackCOMRAM 000034
i2memset@p                                  cstackCOMRAM 000036
int$flags                                   temp         00005C
int_func                                    intcode_body 001C42
intlevel0                                   text         000000
intlevel1                                   text         000000
intlevel2                                   text         000000
intlevel3                                   text         000000
isa$std                                     (abs)        000001
isa$xinst                                   (abs)        000000
memcpy@d                                    cstackCOMRAM 000036
memcpy@d1                                   cstackCOMRAM 000030
memcpy@n                                    cstackCOMRAM 000034
memcpy@s                                    cstackCOMRAM 000038
memcpy@s1                                   cstackCOMRAM 000032
memcpy@tmp                                  cstackCOMRAM 00003A
memset@c                                    cstackBANK0  000080
memset@dest                                 cstackBANK0  00007E
memset@n                                    cstackBANK0  000082
memset@p                                    cstackBANK0  000084
stackhi                                     (abs)        000000
stacklo                                     (abs)        000000
start                                       init         00000E
start_initialization                        cinit        0022E6
ttemp5                                      temp         00005D
ttemp6                                      temp         000060
ttemp7                                      temp         000064
wtemp8                                      temp         00005D


MODULE INFORMATION

Module		Function		Class		Link	Load	Size
usb_device_hid.c
		_USBCheckHIDRequest		CODE           	08E8	0000	330

usb_device_hid.c estimated size: 330

C:\Program Files\Microchip\xc8\v3.00\pic\sources\c99\common\memcpy.c
		_memcpy        		CODE           	201E	0000	80

C:\Program Files\Microchip\xc8\v3.00\pic\sources\c99\common\memcpy.c estimated size: 80

buttons.c
		_BUTTON_IsPressed		CODE           	1B62	0000	112
		_BUTTON_Enable 		CODE           	210A	0000	74

buttons.c estimated size: 186

app_led_usb_status.c
		_APP_LEDUpdateUSBStatus		CODE           	1466	0000	244

app_led_usb_status.c estimated size: 244

app_device_keyboard.c
		_APP_KeyboardProcessOutputReport		CODE           	230C	0000	34
		_APP_KeyboardInit		CODE           	1DDE	0000	102
		_USBHIDCBSetIdleRateHandler		CODE           	236C	0000	28
		_USBHIDCBSetReportHandler		CODE           	2350	0000	28
		_APP_KeyboardTasks		CODE           	0318	0000	588
		_USBHIDCBSetReportComplete		CODE           	23A2	0000	10

app_device_keyboard.c estimated size: 790

shared
		_configDescriptor1		MEDIUMCONST    	7CE4	0000	41
		_USB_CD_Ptr    		MEDIUMCONST    	7C6F	0000	2
		_sd001         		MEDIUMCONST    	7CB0	0000	52
		i2_BUTTON_Enable		CODE           	2154	0000	70
		_sd002         		MEDIUMCONST    	7D0D	0000	28
		i2_USBDeviceInit		CODE           	1144	0000	272
		__initialization		CODE           	22E6	0000	24
		_device_dsc    		MEDIUMCONST    	7D29	0000	18
		i2_LED_On      		CODE           	1EA6	0000	98
		i2_LED_Off     		CODE           	1F08	0000	98
		i2_SYSTEM_Initialize		CODE           	206E	0000	80
		_USB_SD_Ptr    		MEDIUMCONST    	7C69	0000	6
		i2_LED_Enable  		CODE           	1E44	0000	98
		_hid_rpt01     		MEDIUMCONST    	7C71	0000	63
		i2_memset      		CODE           	2250	0000	56
		_sd000         		MEDIUMCONST    	7D3B	0000	4
		i2_USBTransferOnePacket		CODE           	0F08	0000	294
		i2_APP_KeyboardProcessOutputReport		CODE           	232E	0000	34

shared estimated size: 1338

leds.c
		_LED_Off       		CODE           	1D78	0000	102
		_LED_On        		CODE           	1D12	0000	102
		_LED_Enable    		CODE           	1CAC	0000	102

leds.c estimated size: 306

usb_device.c
		_USBCtrlTrfInHandler		CODE           	0CAC	0000	306
		_USBTransferOnePacket		CODE           	0DDE	0000	298
		_USBDeviceAttach		CODE           	219A	0000	66
		_USBStdGetDscHandler		CODE           	0A32	0000	326
		_USBCtrlEPAllowDataStage		CODE           	1994	0000	168
		_USBStdFeatureReqHandler		CODE           	0012	0000	774
		_USBCtrlEPAllowStatusStage		CODE           	1648	0000	236
		_USBCtrlTrfSetupHandler		CODE           	1AE4	0000	126
		_USBCtrlTrfOutHandler		CODE           	1BD2	0000	112
		_USBCtrlEPServiceComplete		CODE           	0B78	0000	308
		_USBSuspend    		CODE           	22BC	0000	42
		_USBStdSetCfgHandler		CODE           	1734	0000	212
		_USBStdGetStatusHandler		CODE           	155A	0000	238
		_USBWakeFromSuspend		CODE           	2216	0000	58
		_USBCtrlTrfRxService		CODE           	0778	0000	368
		_USBCtrlTrfTxService		CODE           	1254	0000	272
		_USBEnableEndpoint		CODE           	20BE	0000	76
		_USBConfigureEndpoint		CODE           	1A3C	0000	168
		_USBDeviceInit 		CODE           	102E	0000	278
		_USBIncrement1msInternalTimers		CODE           	2288	0000	52
		_USBCtrlEPService		CODE           	18DC	0000	184
		_USBStallHandler		CODE           	1F6A	0000	96
		_USBDeviceTasks		CODE           	0564	0000	532
		_USBCheckStdRequest		CODE           	1364	0000	258

usb_device.c estimated size: 5554

usb_events.c
		_USER_USB_CALLBACK_EVENT_HANDLER		CODE           	1808	0000	212

usb_events.c estimated size: 212

C:\Program Files\Microchip\xc8\v3.00\pic\sources\c99\common\memset.c
		_memset        		CODE           	21DC	0000	58

C:\Program Files\Microchip\xc8\v3.00\pic\sources\c99\common\memset.c estimated size: 58

main.c
		_main          		CODE           	2388	0000	26

main.c estimated size: 26

system.c
		_SYS_InterruptHigh		CODE           	0008	0000	112
		_SYSTEM_Initialize		CODE           	1FCA	0000	84

system.c estimated size: 196

