Microchip MPLAB XC8 Compiler V3.00

Linker command line:

-W-3 \
  --edf=C:/Program Files/Microchip/MPLABX/v6.25/packs/Microchip/PIC18Fxxxx_DFP/1.7.171/xc8\pic\dat\20250117225543_en.msgs \
  -cn -h+dist/default/production\VolumeControlHID.X.production.sym \
  --cmf=dist/default/production\VolumeControlHID.X.production.cmf -z \
  -Q18F2550 -oC:\Users\trent\AppData\Local\Temp\xcAs1fno.\driver_tmp_3.o \
  --defsym=__MPLAB_BUILD=1 --fixupoverflow=error \
  -Mdist/default/production/VolumeControlHID.X.production.map \
  --md=C:\Users\trent\AppData\Local\Temp\xcAs1fno.\driver_tmp_0.dat -E1 \
  -ver=XC8 Compiler -ACODE=00h-07FFFh -ACONST=00h-07FFFh \
  -ASMALLCONST=0800h-08FFhx120 -AMEDIUMCONST=0800h-07FFFh -ACOMRAM=01h-05Fh \
  -AABS1=00h-07FFh -ABIGRAM=01h-07FFh -ARAM=060h-0FFh,0100h-01FFhx7 \
  -ABANK0=060h-0FFh -ABANK1=0100h-01FFh -ABANK2=0200h-02FFh \
  -ABANK3=0300h-03FFh -ABANK4=0400h-04FFh -ABANK5=0500h-05FFh \
  -ABANK6=0600h-06FFh -ABANK7=0700h-07FFh -ASFR=0F60h-0FFFh \
  -ABIGSFR=0F60h-0FFFh -ACONFIG=0300000h-030000Dh -AIDLOC=0200000h-0200007h \
  -AEEDATA=0F00000h-0F000FFh -peeprom_data=EEDATA \
  -preset_vec=00h,intcode=8h,intcodelo=18h,sivt_lo,sivt_hi=CODE \
  -ppowerup=CODE,init -pramtop=0800h -psmallconst=SMALLCONST \
  -pmediumconst=MEDIUMCONST -pconst=CONST -AFARRAM=00h-00h \
  -prdata=COMRAM,nvrram=COMRAM,nvbit=COMRAM,rbss=COMRAM,rbit=COMRAM \
  -pfarbss=FARRAM,fardata=FARRAM,nvFARRAM=FARRAM \
  -pintsave_regs=BIGRAM,bigbss=BIGRAM,bigdata=BIGRAM -pbss=RAM \
  -pidata=CODE,irdata=CODE,ibigdata=CODE,ifardata=CODE -prparam=COMRAM \
  C:\Users\trent\AppData\Local\Temp\xcAs1fno.\driver_tmp_9.o \
  dist/default/production\VolumeControlHID.X.production.o 

Object code version is 3.11

Machine type is 18F2550



                Name                               Link     Load   Length Selector   Space Scale
C:\Users\trent\AppData\Local\Temp\xcAs1fno.\driver_tmp_9.o
                config                           300000   300000        E        0       4
                init                                  E        E        4        4       0
                reset_vec                             0        0        4        0       0
dist/default/production\VolumeControlHID.X.production.o
                intcode                               8        8        6        4       0
                config                           300000   300000        E        0       4
                temp                                 56       56        1        1       1
                smallconst                          800      800       C8      400       0
                text45                             1764     1764      110      464       0
                text44                             1976     1976      102      464       0
                text43                             1C5A     1C5A       EC      464       0
                text42                             1064     1064      140      464       0
                text41                             2238     2238       70      464       0
                text40                             2738     2738       42      464       0
                text39                             2110     2110       A8      464       0
                text38                             258C     258C       4C      464       0
                text37                             277A     277A       3E      464       0
                text36                             23D2     23D2       62      464       0
                text35                             2370     2370       62      464       0
                text34                             1A78     1A78       F4      464       0
                text33                              F24      F24      140      464       0
                text32                             266C     266C       46      464       0
                text31                             230E     230E       62      464       0
                text30                             2622     2622       4A      464       0
                text29                             1E1A     1E1A       D2      464       0
                text28                              8C8      8C8      306      464       0
                text27                              DE2      DE2      142      464       0
                text26                             1B6C     1B6C       EE      464       0
                text25                             282E     282E       38      464       0
                text24                             1D46     1D46       D4      464       0
                text23                             1874     1874      102      464       0
                text22                             2066     2066       AA      464       0
                text21                             11A4     11A4      138      464       0
                text20                             21B8     21B8       80      464       0
                text19                             24EE     24EE       50      464       0
                text18                             1FAE     1FAE       B8      464       0
                text17                             2866     2866       34      464       0
                text16                             2434     2434       60      464       0
                text15                             289A     289A       2C      464       0
                text14                             27B8     27B8       3C      464       0
                text13                             1652     1652      112      464       0
                text12                              BCE      BCE      214      464       0
                intcode_body                       2494     2494       5A      464       0
                text10                             26B2     26B2       44      464       0
                text9                              1EEC     1EEC       C2      464       0
                text8                              1412     1412      12A      464       0
                text7                              27F4     27F4       3A      464       0
                text6                              12DC     12DC      136      464       0
                text5                              25D8     25D8       4A      464       0
                text4                              22A8     22A8       66      464       0
                text3                              253E     253E       4E      464       0
                text2                              26F6     26F6       42      464       0
                text1                              153C     153C      116      464       0
                text0                              28EC     28EC       1A      464       0
                cstackCOMRAM                         2C       2C       2A        1       1
                cstackBANK0                          7A       7A       10       60       1
                bssBANK0                             60       60       1A       60       1
                bssCOMRAM                             1        1       2B        1       1
                cinit                              28C6     28C6       26      464       0

TOTAL           Name                               Link     Load   Length     Space
        CLASS   CODE           
                intcode                               8        8        6         0
                init                                  E        E        4         0
                reset_vec                             0        0        4         0
                text45                             1764     1764      110         0
                text44                             1976     1976      102         0
                text43                             1C5A     1C5A       EC         0
                text42                             1064     1064      140         0
                text41                             2238     2238       70         0
                text40                             2738     2738       42         0
                text39                             2110     2110       A8         0
                text38                             258C     258C       4C         0
                text37                             277A     277A       3E         0
                text36                             23D2     23D2       62         0
                text35                             2370     2370       62         0
                text34                             1A78     1A78       F4         0
                text33                              F24      F24      140         0
                text32                             266C     266C       46         0
                text31                             230E     230E       62         0
                text30                             2622     2622       4A         0
                text29                             1E1A     1E1A       D2         0
                text28                              8C8      8C8      306         0
                text27                              DE2      DE2      142         0
                text26                             1B6C     1B6C       EE         0
                text25                             282E     282E       38         0
                text24                             1D46     1D46       D4         0
                text23                             1874     1874      102         0
                text22                             2066     2066       AA         0
                text21                             11A4     11A4      138         0
                text20                             21B8     21B8       80         0
                text19                             24EE     24EE       50         0
                text18                             1FAE     1FAE       B8         0
                text17                             2866     2866       34         0
                text16                             2434     2434       60         0
                text15                             289A     289A       2C         0
                text14                             27B8     27B8       3C         0
                text13                             1652     1652      112         0
                text12                              BCE      BCE      214         0
                intcode_body                       2494     2494       5A         0
                text10                             26B2     26B2       44         0
                text9                              1EEC     1EEC       C2         0
                text8                              1412     1412      12A         0
                text7                              27F4     27F4       3A         0
                text6                              12DC     12DC      136         0
                text5                              25D8     25D8       4A         0
                text4                              22A8     22A8       66         0
                text3                              253E     253E       4E         0
                text2                              26F6     26F6       42         0
                text1                              153C     153C      116         0
                text0                              28EC     28EC       1A         0
                cinit                              28C6     28C6       26         0

        CLASS   CONST          

        CLASS   SMALLCONST     
                smallconst                          800      800       C8         0

        CLASS   MEDIUMCONST    

        CLASS   COMRAM         
                temp                                 56       56        1         1
                cstackCOMRAM                         2C       2C       2A         1
                bssCOMRAM                             1        1       2B         1

        CLASS   ABS1           
                abs_s1                              400      400       30         1
                abs_s1                              500      500        2         1

        CLASS   BIGRAM         

        CLASS   RAM            

        CLASS   BANK0          
                cstackBANK0                          7A       7A       10         1
                bssBANK0                             60       60       1A         1

        CLASS   BANK1          

        CLASS   BANK2          

        CLASS   BANK3          

        CLASS   BANK4          

        CLASS   BANK5          

        CLASS   BANK6          

        CLASS   BANK7          

        CLASS   SFR            

        CLASS   BIGSFR         

        CLASS   CONFIG         
                config                           300000   300000        E         4

        CLASS   IDLOC          

        CLASS   EEDATA         

        CLASS   FARRAM         

        CLASS   HEAP           

        CLASS   STACK          



SEGMENTS        Name                           Load    Length   Top    Selector   Space  Class

                reset_vec                      000000  000004  000004         0       0  CODE    
                bssCOMRAM                      000001  000056  000057         1       1  COMRAM  
                intcode                        000008  00000A  000012         4       0  CODE    
                bssBANK0                       000060  00002A  00008A        60       1  BANK0   
                smallconst                     000800  0000C8  0008C8       400       0  SMALLCON
                text28                         0008C8  00203E  002906       464       0  CODE    


UNUSED ADDRESS RANGES

        Name                Unused          Largest block    Delta
        BANK0            00008A-0000FF               76
        BANK1            000100-0001FF              100
        BANK2            000200-0002FF              100
        BANK3            000300-0003FF              100
        BANK4            000430-0004FF               D0
        BANK5            000502-0005FF               FE
        BANK6            000600-0006FF              100
        BANK7            000700-0007FF              100
        BIGRAM           000057-00005F                9
                         00008A-0003FF              376
                         000430-0004FF               D0
                         000502-0007FF              2FE
        BIGSFR           000F60-000FFF               A0
        CODE             000004-000007                4
                         000012-0007FF              7EE
                         002906-007FFF             56FA
        COMRAM           000057-00005F                9
        CONST            000004-000007                4
                         000012-0007FF              7EE
                         002906-007FFF             56FA
        EEDATA           F00000-F000FF              100
        IDLOC            200000-200007                8
        MEDIUMCONST      002906-007FFF             56FA
        RAM              00008A-0003FF              100
                         000430-0004FF               D0
                         000502-0007FF              100
        SFR              000F60-000FFF               A0
        SMALLCONST       002906-007FFF              100

                                  Symbol Table

?_USBTransferOnePacket                               cstackBANK0  00007A
APP_ConsumerTasks@encoder_dir                        cstackBANK0  000088
APP_ConsumerTasks@i                                  cstackBANK0  000089
APP_ConsumerTasks@needToSendNewReportPacket_consumer cstackBANK0  000087
APP_LEDUpdateUSBStatus@ledCount                      bssCOMRAM    00001B
BUTTON_Enable@button                                 cstackBANK0  00007C
ENCODER_GetDirection@direction                       cstackBANK0  00007A
ENCODER_Task@current_state                           cstackBANK0  00007D
ENCODER_Task@direction                               cstackBANK0  00007C
LED_Enable@led                                       cstackBANK0  00007C
LED_Off@led                                          cstackCOMRAM 00002E
LED_On@led                                           cstackCOMRAM 00002E
SYSTEM_Initialize@state                              cstackBANK0  00007F
USBConfigureEndpoint@EPNum                           cstackCOMRAM 000033
USBConfigureEndpoint@direction                       cstackCOMRAM 00002C
USBConfigureEndpoint@handle                          cstackCOMRAM 000034
USBCtrlTrfInHandler@lastDTS                          cstackCOMRAM 00002D
USBCtrlTrfRxService@byteToRead                       cstackCOMRAM 00002D
USBCtrlTrfRxService@i                                cstackCOMRAM 00002C
USBCtrlTrfTxService@byteToSend                       cstackCOMRAM 00002C
USBDeviceInit@i                                      cstackBANK0  000082
USBDeviceTasks@i                                     cstackCOMRAM 00004B
USBEnableEndpoint@ep                                 cstackCOMRAM 000039
USBEnableEndpoint@options                            cstackCOMRAM 000036
USBEnableEndpoint@p                                  cstackCOMRAM 000037
USBStdFeatureReqHandler@current_ep_data              cstackCOMRAM 000046
USBStdFeatureReqHandler@p                            cstackCOMRAM 000047
USBStdFeatureReqHandler@pUEP                         cstackCOMRAM 000044
USBStdGetStatusHandler@p                             cstackCOMRAM 00002C
USBStdSetCfgHandler@i                                cstackCOMRAM 000042
USBTransferOnePacket@data                            cstackBANK0  00007B
USBTransferOnePacket@dir                             cstackBANK0  00007A
USBTransferOnePacket@ep                              cstackBANK0  000082
USBTransferOnePacket@handle                          cstackBANK0  000083
USBTransferOnePacket@len                             cstackBANK0  00007D
USER_USB_CALLBACK_EVENT_HANDLER@event                cstackCOMRAM 00003A
USER_USB_CALLBACK_EVENT_HANDLER@pdata                cstackCOMRAM 00003C
USER_USB_CALLBACK_EVENT_HANDLER@size                 cstackCOMRAM 00003E
_APP_ConsumerInit                                    text37       00277A
_APP_ConsumerTasks                                   text6        0012DC
_APP_LEDUpdateUSBStatus                              text34       001A78
_BDT                                                 (abs)        000400
_BUTTON_Enable                                       text5        0025D8
_BothEP0OutUOWNsSet                                  bssCOMRAM    000022
_CtrlTrfData                                         (abs)        000428
_ENCODER_GetDirection                                text10       0026B2
_ENCODER_Initialize                                  text40       002738
_ENCODER_Task                                        text9        001EEC
_INTCON2bits                                         (abs)        000FF1
_INTCONbits                                          (abs)        000FF2
_IPR2bits                                            (abs)        000FA2
_LATAbits                                            (abs)        000F89
_LED_Enable                                          text4        0022A8
_LED_Off                                             text36       0023D2
_LED_On                                              text35       002370
_LocalSOFCount                                       bssBANK0     00006C
_OldSOFCount                                         bssBANK0     00006A
_PIE2bits                                            (abs)        000FA0
_PIR2bits                                            (abs)        000FA1
_PORTBbits                                           (abs)        000F81
_RCONbits                                            (abs)        000FD0
_RemoteWakeup                                        bssCOMRAM    000025
_SOFCounter                                          bssCOMRAM    000011
_SYSTEM_Initialize                                   text3        00253E
_SYS_InterruptHigh                                   intcode      000008
_SetupPkt                                            (abs)        000420
_TRISAbits                                           (abs)        000F92
_TRISBbits                                           (abs)        000F93
_UADDR                                               (abs)        000F6E
_UCFG                                                (abs)        000F6F
_UCON                                                (abs)        000F6D
_UCONbits                                            (abs)        000F6D
_UEIE                                                (abs)        000F6B
_UEIR                                                (abs)        000F6A
_UEP0                                                (abs)        000F70
_UEP0bits                                            (abs)        000F70
_UEP1                                                (abs)        000F71
_UIE                                                 (abs)        000F69
_UIEbits                                             (abs)        000F69
_UIR                                                 (abs)        000F68
_UIRbits                                             (abs)        000F68
_USB1msTickCount                                     bssBANK0     000060
_USBActiveConfiguration                              bssCOMRAM    00002B
_USBAlternateInterface                               bssCOMRAM    00002A
_USBBusIsSuspended                                   bssCOMRAM    000024
_USBCheckHIDRequest                                  text33       000F24
_USBCheckStdRequest                                  text23       001874
_USBConfigureEndpoint                                text39       002110
_USBCtrlEPAllowDataStage                             text22       002066
_USBCtrlEPAllowStatusStage                           text43       001C5A
_USBCtrlEPService                                    text18       001FAE
_USBCtrlEPServiceComplete                            text21       0011A4
_USBCtrlTrfInHandler                                 text44       001976
_USBCtrlTrfOutHandler                                text41       002238
_USBCtrlTrfRxService                                 text42       001064
_USBCtrlTrfSetupHandler                              text20       0021B8
_USBCtrlTrfTxService                                 text45       001764
_USBDeferINDataStagePackets                          bssBANK0     000077
_USBDeferOUTDataStagePackets                         bssBANK0     000076
_USBDeferStatusStagePacket                           bssCOMRAM    000020
_USBDeviceAttach                                     text2        0026F6
_USBDeviceInit                                       text1        00153C
_USBDeviceState                                      bssCOMRAM    000028
_USBDeviceTasks                                      text12       000BCE
_USBEnableEndpoint                                   text38       00258C
_USBIncrement1msInternalTimers                       text17       002866
_USBStallHandler                                     text16       002434
_USBStatusStageEnabledFlag1                          bssCOMRAM    00001F
_USBStatusStageEnabledFlag2                          bssCOMRAM    00001E
_USBStatusStageTimeoutCounter                        bssCOMRAM    000021
_USBStdFeatureReqHandler                             text28       0008C8
_USBStdGetDscHandler                                 text27       000DE2
_USBStdGetStatusHandler                              text26       001B6C
_USBStdSetCfgHandler                                 text24       001D46
_USBSuspend                                          text15       00289A
_USBTicksSinceSuspendEnd                             bssBANK0     000075
_USBTransferOnePacket                                text8        001412
_USBWakeFromSuspend                                  text14       0027B8
_USB_CD_Ptr                                          smallconst   000814
_USB_SD_Ptr                                          smallconst   000811
_USER_USB_CALLBACK_EVENT_HANDLER                     text29       001E1A
_USTAT                                               (abs)        000F6C
_USTATcopy                                           bssCOMRAM    000029
__HRAM                                               (abs)        000000
__H__absolute__                                      __absolute__ 000000
__Habs1                                              abs1         000000
__Hbank0                                             bank0        000000
__Hbank1                                             bank1        000000
__Hbank2                                             bank2        000000
__Hbank3                                             bank3        000000
__Hbank4                                             bank4        000000
__Hbank5                                             bank5        000000
__Hbank6                                             bank6        000000
__Hbank7                                             bank7        000000
__Hbigbss                                            bigbss       000000
__Hbigdata                                           bigdata      000000
__Hbigram                                            bigram       000000
__Hbigsfr                                            bigsfr       000000
__Hbss                                               bss          000000
__HbssBANK0                                          bssBANK0     000000
__HbssCOMRAM                                         bssCOMRAM    000000
__Hcinit                                             cinit        000000
__Hclrtext                                           clrtext      000000
__Hcomram                                            comram       000000
__Hconfig                                            config       30000E
__Hconst                                             const        000000
__HcstackBANK0                                       cstackBANK0  000000
__HcstackCOMRAM                                      cstackCOMRAM 000000
__Hdata                                              data         000000
__Heeprom_data                                       eeprom_data  000000
__Hfarbss                                            farbss       000000
__Hfardata                                           fardata      000000
__Hheap                                              heap         000000
__Hibigdata                                          ibigdata     000000
__Hidata                                             idata        000000
__Hidloc                                             idloc        000000
__Hifardata                                          ifardata     000000
__Hinit                                              init         000012
__Hintcode                                           intcode      00000E
__Hintcode_body                                      intcode_body 000000
__Hintcodelo                                         intcodelo    000018
__Hintentry                                          intentry     000000
__Hintret                                            intret       000000
__Hintsave_regs                                      intsave_regs 000000
__Hirdata                                            irdata       000000
__Hmediumconst                                       mediumconst  000000
__HnvFARRAM                                          nvFARRAM     000000
__Hnvbit                                             nvbit        000000
__Hnvrram                                            nvrram       000000
__Hparam                                             rparam       000000
__Hpowerup                                           powerup      000000
__Hram                                               ram          000000
__Hramtop                                            ramtop       000800
__Hrbit                                              rbit         000000
__Hrbss                                              rbss         000000
__Hrdata                                             rdata        000000
__Hreset_vec                                         reset_vec    000004
__Hrparam                                            rparam       000000
__Hsfr                                               sfr          000000
__Hsivt_hi                                           sivt_hi      000000
__Hsivt_lo                                           sivt_lo      000018
__Hsmallconst                                        smallconst   0008C8
__Hspace_0                                           (abs)        002906
__Hspace_1                                           (abs)        00008A
__Hspace_2                                           (abs)        000000
__Hspace_4                                           (abs)        60000E
__Hstack                                             stack        000000
__Hstruct                                            struct       000000
__Htemp                                              temp         000057
__Htext                                              text         000000
__Htext0                                             text0        000000
__Htext1                                             text1        000000
__Htext10                                            text10       000000
__Htext12                                            text12       000000
__Htext13                                            text13       000000
__Htext14                                            text14       000000
__Htext15                                            text15       000000
__Htext16                                            text16       000000
__Htext17                                            text17       000000
__Htext18                                            text18       000000
__Htext19                                            text19       000000
__Htext2                                             text2        000000
__Htext20                                            text20       000000
__Htext21                                            text21       000000
__Htext22                                            text22       000000
__Htext23                                            text23       000000
__Htext24                                            text24       000000
__Htext25                                            text25       000000
__Htext26                                            text26       000000
__Htext27                                            text27       000000
__Htext28                                            text28       000000
__Htext29                                            text29       000000
__Htext3                                             text3        000000
__Htext30                                            text30       000000
__Htext31                                            text31       000000
__Htext32                                            text32       000000
__Htext33                                            text33       000000
__Htext34                                            text34       000000
__Htext35                                            text35       000000
__Htext36                                            text36       000000
__Htext37                                            text37       000000
__Htext38                                            text38       000000
__Htext39                                            text39       000000
__Htext4                                             text4        000000
__Htext40                                            text40       000000
__Htext41                                            text41       000000
__Htext42                                            text42       000000
__Htext43                                            text43       000000
__Htext44                                            text44       000000
__Htext45                                            text45       000000
__Htext5                                             text5        000000
__Htext6                                             text6        000000
__Htext7                                             text7        000000
__Htext8                                             text8        000000
__Htext9                                             text9        000000
__LRAM                                               (abs)        000001
__L__absolute__                                      __absolute__ 000000
__Labs1                                              abs1         000000
__Lbank0                                             bank0        000000
__Lbank1                                             bank1        000000
__Lbank2                                             bank2        000000
__Lbank3                                             bank3        000000
__Lbank4                                             bank4        000000
__Lbank5                                             bank5        000000
__Lbank6                                             bank6        000000
__Lbank7                                             bank7        000000
__Lbigbss                                            bigbss       000000
__Lbigdata                                           bigdata      000000
__Lbigram                                            bigram       000000
__Lbigsfr                                            bigsfr       000000
__Lbss                                               bss          000000
__LbssBANK0                                          bssBANK0     000000
__LbssCOMRAM                                         bssCOMRAM    000000
__Lcinit                                             cinit        000000
__Lclrtext                                           clrtext      000000
__Lcomram                                            comram       000000
__Lconfig                                            config       000000
__Lconst                                             const        000000
__LcstackBANK0                                       cstackBANK0  000000
__LcstackCOMRAM                                      cstackCOMRAM 000000
__Ldata                                              data         000000
__Leeprom_data                                       eeprom_data  000000
__Lfarbss                                            farbss       000000
__Lfardata                                           fardata      000000
__Lheap                                              heap         000000
__Libigdata                                          ibigdata     000000
__Lidata                                             idata        000000
__Lidloc                                             idloc        000000
__Lifardata                                          ifardata     000000
__Linit                                              init         00000E
__Lintcode                                           intcode      000008
__Lintcode_body                                      intcode_body 000000
__Lintcodelo                                         intcodelo    000018
__Lintentry                                          intentry     000000
__Lintret                                            intret       000000
__Lintsave_regs                                      intsave_regs 000000
__Lirdata                                            irdata       000000
__Lmediumconst                                       mediumconst  000000
__LnvFARRAM                                          nvFARRAM     000000
__Lnvbit                                             nvbit        000000
__Lnvrram                                            nvrram       000000
__Lparam                                             rparam       000000
__Lpowerup                                           powerup      000000
__Lram                                               ram          000000
__Lramtop                                            ramtop       000800
__Lrbit                                              rbit         000000
__Lrbss                                              rbss         000000
__Lrdata                                             rdata        000000
__Lreset_vec                                         reset_vec    000000
__Lrparam                                            rparam       000000
__Lsfr                                               sfr          000000
__Lsivt_hi                                           sivt_hi      000000
__Lsivt_lo                                           sivt_lo      000018
__Lsmallconst                                        smallconst   000800
__Lspace_0                                           (abs)        000000
__Lspace_1                                           (abs)        000000
__Lspace_2                                           (abs)        000000
__Lspace_4                                           (abs)        000000
__Lstack                                             stack        000000
__Lstruct                                            struct       000000
__Ltemp                                              temp         000056
__Ltext                                              text         000000
__Ltext0                                             text0        000000
__Ltext1                                             text1        000000
__Ltext10                                            text10       000000
__Ltext12                                            text12       000000
__Ltext13                                            text13       000000
__Ltext14                                            text14       000000
__Ltext15                                            text15       000000
__Ltext16                                            text16       000000
__Ltext17                                            text17       000000
__Ltext18                                            text18       000000
__Ltext19                                            text19       000000
__Ltext2                                             text2        000000
__Ltext20                                            text20       000000
__Ltext21                                            text21       000000
__Ltext22                                            text22       000000
__Ltext23                                            text23       000000
__Ltext24                                            text24       000000
__Ltext25                                            text25       000000
__Ltext26                                            text26       000000
__Ltext27                                            text27       000000
__Ltext28                                            text28       000000
__Ltext29                                            text29       000000
__Ltext3                                             text3        000000
__Ltext30                                            text30       000000
__Ltext31                                            text31       000000
__Ltext32                                            text32       000000
__Ltext33                                            text33       000000
__Ltext34                                            text34       000000
__Ltext35                                            text35       000000
__Ltext36                                            text36       000000
__Ltext37                                            text37       000000
__Ltext38                                            text38       000000
__Ltext39                                            text39       000000
__Ltext4                                             text4        000000
__Ltext40                                            text40       000000
__Ltext41                                            text41       000000
__Ltext42                                            text42       000000
__Ltext43                                            text43       000000
__Ltext44                                            text44       000000
__Ltext45                                            text45       000000
__Ltext5                                             text5        000000
__Ltext6                                             text6        000000
__Ltext7                                             text7        000000
__Ltext8                                             text8        000000
__Ltext9                                             text9        000000
__S0                                                 (abs)        002906
__S1                                                 (abs)        00008A
__S4                                                 (abs)        000000
__S5                                                 (abs)        000000
___heap_hi                                           (abs)        000000
___heap_lo                                           (abs)        000000
___inthi_sp                                          stack        000000
___inthi_stack_hi                                    stack        000000
___inthi_stack_lo                                    stack        000000
___intlo_sp                                          stack        000000
___intlo_stack_hi                                    stack        000000
___intlo_stack_lo                                    stack        000000
___param_bank                                        (abs)        000000
___rparam_used                                       (abs)        000001
___sp                                                stack        000000
___stack_hi                                          stack        000000
___stack_lo                                          stack        000000
__accesstop                                          (abs)        000060
__activetblptr                                       (abs)        000002
__end_of_APP_ConsumerInit                            text37       0027B8
__end_of_APP_ConsumerTasks                           text6        001412
__end_of_APP_LEDUpdateUSBStatus                      text34       001B6C
__end_of_BUTTON_Enable                               text5        002622
__end_of_ENCODER_GetDirection                        text10       0026F6
__end_of_ENCODER_Initialize                          text40       00277A
__end_of_ENCODER_Task                                text9        001FAE
__end_of_LED_Enable                                  text4        00230E
__end_of_LED_Off                                     text36       002434
__end_of_LED_On                                      text35       0023D2
__end_of_SYSTEM_Initialize                           text3        00258C
__end_of_SYS_InterruptHigh                           intcode_body 0024EE
__end_of_USBCheckHIDRequest                          text33       001064
__end_of_USBCheckStdRequest                          text23       001976
__end_of_USBConfigureEndpoint                        text39       0021B8
__end_of_USBCtrlEPAllowDataStage                     text22       002110
__end_of_USBCtrlEPAllowStatusStage                   text43       001D46
__end_of_USBCtrlEPService                            text18       002066
__end_of_USBCtrlEPServiceComplete                    text21       0012DC
__end_of_USBCtrlTrfInHandler                         text44       001A78
__end_of_USBCtrlTrfOutHandler                        text41       0022A8
__end_of_USBCtrlTrfRxService                         text42       0011A4
__end_of_USBCtrlTrfSetupHandler                      text20       002238
__end_of_USBCtrlTrfTxService                         text45       001874
__end_of_USBDeviceAttach                             text2        002738
__end_of_USBDeviceInit                               text1        001652
__end_of_USBDeviceTasks                              text12       000DE2
__end_of_USBEnableEndpoint                           text38       0025D8
__end_of_USBIncrement1msInternalTimers               text17       00289A
__end_of_USBStallHandler                             text16       002494
__end_of_USBStdFeatureReqHandler                     text28       000BCE
__end_of_USBStdGetDscHandler                         text27       000F24
__end_of_USBStdGetStatusHandler                      text26       001C5A
__end_of_USBStdSetCfgHandler                         text24       001E1A
__end_of_USBSuspend                                  text15       0028C6
__end_of_USBTransferOnePacket                        text8        00153C
__end_of_USBWakeFromSuspend                          text14       0027F4
__end_of_USB_CD_Ptr                                  smallconst   000815
__end_of_USB_SD_Ptr                                  smallconst   000814
__end_of_USER_USB_CALLBACK_EVENT_HANDLER             text29       001EEC
__end_of__initialization                             cinit        0028DE
__end_of_configDescriptor1                           smallconst   000892
__end_of_device_dsc                                  smallconst   0008C2
__end_of_encoder_table                               smallconst   000811
__end_of_hid_rpt01                                   smallconst   000870
__end_of_main                                        text0        002906
__end_of_memcpy                                      text19       00253E
__end_of_memset                                      text7        00282E
__end_of_sd000                                       smallconst   0008C6
__end_of_sd001                                       smallconst   000849
__end_of_sd002                                       smallconst   0008B0
__end_ofi2_BUTTON_Enable                             text32       0026B2
__end_ofi2_LED_Enable                                text31       002370
__end_ofi2_SYSTEM_Initialize                         text30       00266C
__end_ofi2_USBDeviceInit                             text13       001764
__end_ofi2_memset                                    text25       002866
__initialization                                     cinit        0028C6
__mediumconst                                        smallconst   000800
__pbssBANK0                                          bssBANK0     000060
__pbssCOMRAM                                         bssCOMRAM    000001
__pcinit                                             cinit        0028C6
__pcstackBANK0                                       cstackBANK0  00007A
__pcstackCOMRAM                                      cstackCOMRAM 00002C
__pintcode                                           intcode      000008
__pintcode_body                                      intcode_body 002494
__psmallconst                                        smallconst   000800
__ptext0                                             text0        0028EC
__ptext1                                             text1        00153C
__ptext10                                            text10       0026B2
__ptext12                                            text12       000BCE
__ptext13                                            text13       001652
__ptext14                                            text14       0027B8
__ptext15                                            text15       00289A
__ptext16                                            text16       002434
__ptext17                                            text17       002866
__ptext18                                            text18       001FAE
__ptext19                                            text19       0024EE
__ptext2                                             text2        0026F6
__ptext20                                            text20       0021B8
__ptext21                                            text21       0011A4
__ptext22                                            text22       002066
__ptext23                                            text23       001874
__ptext24                                            text24       001D46
__ptext25                                            text25       00282E
__ptext26                                            text26       001B6C
__ptext27                                            text27       000DE2
__ptext28                                            text28       0008C8
__ptext29                                            text29       001E1A
__ptext3                                             text3        00253E
__ptext30                                            text30       002622
__ptext31                                            text31       00230E
__ptext32                                            text32       00266C
__ptext33                                            text33       000F24
__ptext34                                            text34       001A78
__ptext35                                            text35       002370
__ptext36                                            text36       0023D2
__ptext37                                            text37       00277A
__ptext38                                            text38       00258C
__ptext39                                            text39       002110
__ptext4                                             text4        0022A8
__ptext40                                            text40       002738
__ptext41                                            text41       002238
__ptext42                                            text42       001064
__ptext43                                            text43       001C5A
__ptext44                                            text44       001976
__ptext45                                            text45       001764
__ptext5                                             text5        0025D8
__ptext6                                             text6        0012DC
__ptext7                                             text7        0027F4
__ptext8                                             text8        001412
__ptext9                                             text9        001EEC
__ramtop                                             ramtop       000800
__smallconst                                         smallconst   000800
_active_protocol                                     bssBANK0     000078
_configDescriptor1                                   smallconst   000870
_consumerReport                                      (abs)        000500
_controlTransferState                                bssCOMRAM    000026
_debounce_count                                      bssBANK0     000073
_device_dsc                                          smallconst   0008B0
_encoder_count                                       bssCOMRAM    00001D
_encoder_prev_state                                  bssBANK0     000074
_encoder_table                                       smallconst   000801
_endpoint_number                                     bssCOMRAM    000023
_ep_data_in                                          bssCOMRAM    000015
_ep_data_out                                         bssCOMRAM    000013
_hid_rpt01                                           smallconst   000849
_idle_rate                                           bssBANK0     000079
_inPipes                                             bssCOMRAM    000008
_lastConsumerTransmission                            bssBANK0     000068
_last_stable_state                                   bssBANK0     000072
_main                                                text0        0028EC
_memcpy                                              text19       0024EE
_memset                                              text7        0027F4
_oldconsumerReport                                   bssBANK0     00006E
_outPipes                                            bssCOMRAM    000001
_pBDTEntryEP0OutCurrent                              bssCOMRAM    000019
_pBDTEntryEP0OutNext                                 bssCOMRAM    000017
_pBDTEntryIn                                         bssCOMRAM    00000D
_pBDTEntryOut                                        bssBANK0     000064
_pDst                                                bssBANK0     000070
_sd000                                               smallconst   0008C2
_sd001                                               smallconst   000815
_sd002                                               smallconst   000892
_shortPacketStatus                                   bssCOMRAM    000027
btemp                                                temp         000056
end_of_initialization                                cinit        0028DE
i2BUTTON_Enable@button                               cstackCOMRAM 00002E
i2LED_Enable@led                                     cstackCOMRAM 00002E
i2SYSTEM_Initialize@state                            cstackCOMRAM 000031
i2USBDeviceInit@i                                    cstackCOMRAM 000034
i2_BUTTON_Enable                                     text32       00266C
i2_LED_Enable                                        text31       00230E
i2_SYSTEM_Initialize                                 text30       002622
i2_USBDeviceInit                                     text13       001652
i2_memset                                            text25       00282E
i2memset@c                                           cstackCOMRAM 00002E
i2memset@dest                                        cstackCOMRAM 00002C
i2memset@n                                           cstackCOMRAM 000030
i2memset@p                                           cstackCOMRAM 000032
int$flags                                            temp         000056
int_func                                             intcode_body 002494
intlevel0                                            text         000000
intlevel1                                            text         000000
intlevel2                                            text         000000
intlevel3                                            text         000000
isa$std                                              (abs)        000001
isa$xinst                                            (abs)        000000
memcpy@d                                             cstackCOMRAM 000032
memcpy@d1                                            cstackCOMRAM 00002C
memcpy@n                                             cstackCOMRAM 000030
memcpy@s                                             cstackCOMRAM 000034
memcpy@s1                                            cstackCOMRAM 00002E
memcpy@tmp                                           cstackCOMRAM 000036
memset@c                                             cstackBANK0  00007C
memset@dest                                          cstackBANK0  00007A
memset@n                                             cstackBANK0  00007E
memset@p                                             cstackBANK0  000080
stackhi                                              (abs)        000000
stacklo                                              (abs)        000000
start                                                init         00000E
start_initialization                                 cinit        0028C6
ttemp5                                               temp         000057
ttemp6                                               temp         00005A
ttemp7                                               temp         00005E
wtemp8                                               temp         000057


MODULE INFORMATION

Module		Function		Class		Link	Load	Size
usb_device_hid.c
		_USBCheckHIDRequest		CODE           	0F24	0000	320

usb_device_hid.c estimated size: 320

C:\Program Files\Microchip\xc8\v3.00\pic\sources\c99\common\memcpy.c
		_memcpy        		CODE           	24EE	0000	80

C:\Program Files\Microchip\xc8\v3.00\pic\sources\c99\common\memcpy.c estimated size: 80

app_device_consumer.c
		_APP_ConsumerInit		CODE           	277A	0000	62
		_APP_ConsumerTasks		CODE           	12DC	0000	310

app_device_consumer.c estimated size: 372

buttons.c
		_BUTTON_Enable 		CODE           	25D8	0000	74

buttons.c estimated size: 74

app_led_usb_status.c
		_APP_LEDUpdateUSBStatus		CODE           	1A78	0000	244

app_led_usb_status.c estimated size: 244

shared
		_configDescriptor1		SMALLCONST     	0870	0000	34
		_USB_CD_Ptr    		SMALLCONST     	0814	0000	1
		_sd001         		SMALLCONST     	0815	0000	52
		i2_BUTTON_Enable		CODE           	266C	0000	70
		_sd002         		SMALLCONST     	0892	0000	30
		i2_USBDeviceInit		CODE           	1652	0000	274
		__initialization		CODE           	28C6	0000	24
		_device_dsc    		SMALLCONST     	08B0	0000	18
		i2_SYSTEM_Initialize		CODE           	2622	0000	74
		_USB_SD_Ptr    		SMALLCONST     	0811	0000	3
		i2_LED_Enable  		CODE           	230E	0000	98
		_encoder_table 		SMALLCONST     	0801	0000	16
		_hid_rpt01     		SMALLCONST     	0849	0000	39
		i2_memset      		CODE           	282E	0000	56
		_sd000         		SMALLCONST     	08C2	0000	4

shared estimated size: 793

leds.c
		_LED_Off       		CODE           	23D2	0000	98
		_LED_On        		CODE           	2370	0000	98
		_LED_Enable    		CODE           	22A8	0000	102

leds.c estimated size: 298

usb_device.c
		_USBCtrlTrfInHandler		CODE           	1976	0000	258
		_USBTransferOnePacket		CODE           	1412	0000	298
		_USBDeviceAttach		CODE           	26F6	0000	66
		_USBStdGetDscHandler		CODE           	0DE2	0000	322
		_USBCtrlEPAllowDataStage		CODE           	2066	0000	170
		_USBStdFeatureReqHandler		CODE           	08C8	0000	774
		_USBCtrlEPAllowStatusStage		CODE           	1C5A	0000	236
		_USBCtrlTrfSetupHandler		CODE           	21B8	0000	128
		_USBCtrlTrfOutHandler		CODE           	2238	0000	112
		_USBCtrlEPServiceComplete		CODE           	11A4	0000	312
		_USBSuspend    		CODE           	289A	0000	44
		_USBStdSetCfgHandler		CODE           	1D46	0000	212
		_USBStdGetStatusHandler		CODE           	1B6C	0000	238
		_USBWakeFromSuspend		CODE           	27B8	0000	60
		_USBCtrlTrfRxService		CODE           	1064	0000	320
		_USBCtrlTrfTxService		CODE           	1764	0000	272
		_USBEnableEndpoint		CODE           	258C	0000	76
		_USBConfigureEndpoint		CODE           	2110	0000	168
		_USBDeviceInit 		CODE           	153C	0000	278
		_USBIncrement1msInternalTimers		CODE           	2866	0000	52
		_USBCtrlEPService		CODE           	1FAE	0000	184
		_USBStallHandler		CODE           	2434	0000	96
		_USBDeviceTasks		CODE           	0BCE	0000	532
		_USBCheckStdRequest		CODE           	1874	0000	258

usb_device.c estimated size: 5466

usb_events.c
		_USER_USB_CALLBACK_EVENT_HANDLER		CODE           	1E1A	0000	210

usb_events.c estimated size: 210

C:\Program Files\Microchip\xc8\v3.00\pic\sources\c99\common\memset.c
		_memset        		CODE           	27F4	0000	58

C:\Program Files\Microchip\xc8\v3.00\pic\sources\c99\common\memset.c estimated size: 58

encoder.c
		_ENCODER_Task  		CODE           	1EEC	0000	194
		_ENCODER_Initialize		CODE           	2738	0000	66
		_ENCODER_GetDirection		CODE           	26B2	0000	68

encoder.c estimated size: 328

main.c
		_main          		CODE           	28EC	0000	26

main.c estimated size: 26

system.c
		_SYS_InterruptHigh		CODE           	0008	0000	96
		_SYSTEM_Initialize		CODE           	253E	0000	78

system.c estimated size: 174

