Microchip MPLAB XC8 Compiler V3.00

Linker command line:

-W-3 \
  --edf=C:/Program Files/Microchip/MPLABX/v6.25/packs/Microchip/PIC18Fxxxx_DFP/1.7.171/xc8\pic\dat\20250117225543_en.msgs \
  -cn -h+dist/default/production\VolumeControlHID.X.production.sym \
  --cmf=dist/default/production\VolumeControlHID.X.production.cmf -z \
  -Q18F2550 -oC:\Users\trent\AppData\Local\Temp\xcAsrr0.\driver_tmp_3.o \
  --defsym=__MPLAB_BUILD=1 --fixupoverflow=error \
  -Mdist/default/production/VolumeControlHID.X.production.map \
  --md=C:\Users\trent\AppData\Local\Temp\xcAsrr0.\driver_tmp_0.dat -E1 \
  -ver=XC8 Compiler -ACODE=00h-07FFFh -ACONST=00h-07FFFh \
  -ASMALLCONST=0800h-08FFhx120 -AMEDIUMCONST=0800h-07FFFh -ACOMRAM=01h-05Fh \
  -AABS1=00h-07FFh -ABIGRAM=01h-07FFh -ARAM=060h-0FFh,0100h-01FFhx7 \
  -ABANK0=060h-0FFh -ABANK1=0100h-01FFh -ABANK2=0200h-02FFh \
  -ABANK3=0300h-03FFh -ABANK4=0400h-04FFh -ABANK5=0500h-05FFh \
  -ABANK6=0600h-06FFh -ABANK7=0700h-07FFh -ASFR=0F60h-0FFFh \
  -ABIGSFR=0F60h-0FFFh -ACONFIG=0300000h-030000Dh -AIDLOC=0200000h-0200007h \
  -AEEDATA=0F00000h-0F000FFh -peeprom_data=EEDATA \
  -preset_vec=00h,intcode=8h,intcodelo=18h,sivt_lo,sivt_hi=CODE \
  -ppowerup=CODE,init -pramtop=0800h -psmallconst=SMALLCONST \
  -pmediumconst=MEDIUMCONST -pconst=CONST -AFARRAM=00h-00h \
  -prdata=COMRAM,nvrram=COMRAM,nvbit=COMRAM,rbss=COMRAM,rbit=COMRAM \
  -pfarbss=FARRAM,fardata=FARRAM,nvFARRAM=FARRAM \
  -pintsave_regs=BIGRAM,bigbss=BIGRAM,bigdata=BIGRAM -pbss=RAM \
  -pidata=CODE,irdata=CODE,ibigdata=CODE,ifardata=CODE -prparam=COMRAM \
  C:\Users\trent\AppData\Local\Temp\xcAsrr0.\driver_tmp_9.o \
  dist/default/production\VolumeControlHID.X.production.o 

Object code version is 3.11

Machine type is 18F2550



                Name                               Link     Load   Length Selector   Space Scale
C:\Users\trent\AppData\Local\Temp\xcAsrr0.\driver_tmp_9.o
                config                           300000   300000        E        0       4
                init                                  E        E        4        4       0
                reset_vec                             0        0        4        0       0
dist/default/production\VolumeControlHID.X.production.o
                intcode                               8        8        6        4       0
                config                           300000   300000        E        0       4
                temp                                 56       56        1        1       1
                smallconst                          800      800       F8      400       0
                text53                             1960     1960      110      47C       0
                text52                             1B72     1B72      102      47C       0
                text51                             1E56     1E56       EC      47C       0
                text50                             128C     128C      140      47C       0
                text49                             2538     2538       70      47C       0
                text48                             2DEA     2DEA       1E      47C       0
                text47                             2C46     2C46       40      47C       0
                text46                             230A     230A       A8      47C       0
                text45                             2B2A     2B2A       4C      47C       0
                text44                             2988     2988       5C      47C       0
                text43                             2866     2866       62      47C       0
                text42                             2804     2804       62      47C       0
                text41                             27A2     27A2       62      47C       0
                text40                             24C6     24C6       72      47C       0
                text39                             1C74     1C74       F4      47C       0
                text38                              E1E      E1E      1C8      47C       0
                text37                             2B76     2B76       4A      47C       0
                text36                             2016     2016       D2      47C       0
                text35                              8F8      8F8      30E      47C       0
                text34                             114A     114A      142      47C       0
                text33                             1D68     1D68       EE      47C       0
                text32                             2CFA     2CFA       38      47C       0
                text31                             1F42     1F42       D4      47C       0
                text30                             1A70     1A70      102      47C       0
                text29                             2262     2262       A8      47C       0
                text28                             13CC     13CC      134      47C       0
                text27                             2448     2448       7E      47C       0
                text26                             2A3E     2A3E       50      47C       0
                text25                             21AA     21AA       B8      47C       0
                text24                             2D66     2D66       34      47C       0
                text23                             2928     2928       60      47C       0
                text22                             2D9A     2D9A       2A      47C       0
                text21                             2CC0     2CC0       3A      47C       0
                text20                             1850     1850      110      47C       0
                text19                              C06      C06      218      47C       0
                intcode_body                       29E4     29E4       5A      47C       0
                text17                             23B2     23B2       96      47C       0
                text16                             26DA     26DA       66      47C       0
                text15                             2674     2674       66      47C       0
                text14                             2740     2740       62      47C       0
                text13                             2BC0     2BC0       44      47C       0
                text12                             260E     260E       66      47C       0
                text11                             1500     1500      12A      47C       0
                text10                             2C86     2C86       3A      47C       0
                text9                               FE6      FE6      164      47C       0
                text8                              1740     1740      110      47C       0
                text7                              20E8     20E8       C2      47C       0
                text6                              2ADC     2ADC       4E      47C       0
                text5                              28C8     28C8       60      47C       0
                text4                              25A8     25A8       66      47C       0
                text3                              2A8E     2A8E       4E      47C       0
                text2                              2C04     2C04       42      47C       0
                text1                              162A     162A      116      47C       0
                text0                              2D32     2D32       34      47C       0
                cstackCOMRAM                         2C       2C       2A        1       1
                cstackBANK0                          9E       9E       12       60       1
                bssBANK0                             60       60       3E       60       1
                bssCOMRAM                             1        1       2B        1       1
                cinit                              2DC4     2DC4       26      47C       0

TOTAL           Name                               Link     Load   Length     Space
        CLASS   CODE           
                intcode                               8        8        6         0
                init                                  E        E        4         0
                reset_vec                             0        0        4         0
                text53                             1960     1960      110         0
                text52                             1B72     1B72      102         0
                text51                             1E56     1E56       EC         0
                text50                             128C     128C      140         0
                text49                             2538     2538       70         0
                text48                             2DEA     2DEA       1E         0
                text47                             2C46     2C46       40         0
                text46                             230A     230A       A8         0
                text45                             2B2A     2B2A       4C         0
                text44                             2988     2988       5C         0
                text43                             2866     2866       62         0
                text42                             2804     2804       62         0
                text41                             27A2     27A2       62         0
                text40                             24C6     24C6       72         0
                text39                             1C74     1C74       F4         0
                text38                              E1E      E1E      1C8         0
                text37                             2B76     2B76       4A         0
                text36                             2016     2016       D2         0
                text35                              8F8      8F8      30E         0
                text34                             114A     114A      142         0
                text33                             1D68     1D68       EE         0
                text32                             2CFA     2CFA       38         0
                text31                             1F42     1F42       D4         0
                text30                             1A70     1A70      102         0
                text29                             2262     2262       A8         0
                text28                             13CC     13CC      134         0
                text27                             2448     2448       7E         0
                text26                             2A3E     2A3E       50         0
                text25                             21AA     21AA       B8         0
                text24                             2D66     2D66       34         0
                text23                             2928     2928       60         0
                text22                             2D9A     2D9A       2A         0
                text21                             2CC0     2CC0       3A         0
                text20                             1850     1850      110         0
                text19                              C06      C06      218         0
                intcode_body                       29E4     29E4       5A         0
                text17                             23B2     23B2       96         0
                text16                             26DA     26DA       66         0
                text15                             2674     2674       66         0
                text14                             2740     2740       62         0
                text13                             2BC0     2BC0       44         0
                text12                             260E     260E       66         0
                text11                             1500     1500      12A         0
                text10                             2C86     2C86       3A         0
                text9                               FE6      FE6      164         0
                text8                              1740     1740      110         0
                text7                              20E8     20E8       C2         0
                text6                              2ADC     2ADC       4E         0
                text5                              28C8     28C8       60         0
                text4                              25A8     25A8       66         0
                text3                              2A8E     2A8E       4E         0
                text2                              2C04     2C04       42         0
                text1                              162A     162A      116         0
                text0                              2D32     2D32       34         0
                cinit                              2DC4     2DC4       26         0

        CLASS   CONST          

        CLASS   SMALLCONST     
                smallconst                          800      800       F8         0

        CLASS   MEDIUMCONST    

        CLASS   COMRAM         
                temp                                 56       56        1         1
                cstackCOMRAM                         2C       2C       2A         1
                bssCOMRAM                             1        1       2B         1

        CLASS   ABS1           
                abs_s1                              400      400       40         1
                abs_s1                              500      500        2         1

        CLASS   BIGRAM         

        CLASS   RAM            

        CLASS   BANK0          
                cstackBANK0                          9E       9E       12         1
                bssBANK0                             60       60       3E         1

        CLASS   BANK1          

        CLASS   BANK2          

        CLASS   BANK3          

        CLASS   BANK4          

        CLASS   BANK5          

        CLASS   BANK6          

        CLASS   BANK7          

        CLASS   SFR            

        CLASS   BIGSFR         

        CLASS   CONFIG         
                config                           300000   300000        E         4

        CLASS   IDLOC          

        CLASS   EEDATA         

        CLASS   FARRAM         

        CLASS   HEAP           

        CLASS   STACK          



SEGMENTS        Name                           Load    Length   Top    Selector   Space  Class

                reset_vec                      000000  000004  000004         0       0  CODE    
                bssCOMRAM                      000001  000056  000057         1       1  COMRAM  
                intcode                        000008  00000A  000012         4       0  CODE    
                bssBANK0                       000060  000050  0000B0        60       1  BANK0   
                smallconst                     000800  0000F8  0008F8       400       0  SMALLCON
                text35                         0008F8  002510  002E08       47C       0  CODE    


UNUSED ADDRESS RANGES

        Name                Unused          Largest block    Delta
        BANK0            0000B0-0000FF               50
        BANK1            000100-0001FF              100
        BANK2            000200-0002FF              100
        BANK3            000300-0003FF              100
        BANK4            000440-0004FF               C0
        BANK5            000502-0005FF               FE
        BANK6            000600-0006FF              100
        BANK7            000700-0007FF              100
        BIGRAM           000057-00005F                9
                         0000B0-0003FF              350
                         000440-0004FF               C0
                         000502-0007FF              2FE
        BIGSFR           000F60-000FFF               A0
        CODE             000004-000007                4
                         000012-0007FF              7EE
                         002E08-007FFF             51F8
        COMRAM           000057-00005F                9
        CONST            000004-000007                4
                         000012-0007FF              7EE
                         002E08-007FFF             51F8
        EEDATA           F00000-F000FF              100
        IDLOC            200000-200007                8
        MEDIUMCONST      002E08-007FFF             51F8
        RAM              0000B0-0003FF              100
                         000440-0004FF               C0
                         000502-0007FF              100
        SFR              000F60-000FFF               A0
        SMALLCONST       002E08-007FFF              100

                                  Symbol Table

?_USBTransferOnePacket                                     cstackBANK0  00009E
APP_HandleModeSwitch@currentButtonState                    cstackBANK0  0000A1
APP_HandleScrollWheel@encoder_dir                          cstackBANK0  0000AA
APP_HandleScrollWheel@needToSendNewReportPacket_keyboard   cstackBANK0  0000A9
APP_HandleVolumeControl@encoder_dir                        cstackBANK0  0000AC
APP_HandleVolumeControl@i                                  cstackBANK0  0000AD
APP_HandleVolumeControl@needToSendNewReportPacket_consumer cstackBANK0  0000AB
APP_LEDUpdateUSBStatus@ledCount                            bssCOMRAM    000019
BUTTON_Enable@button                                       cstackBANK0  0000A0
BUTTON_IsPressed@button                                    cstackBANK0  0000A0
ENCODER_GetDirection@direction                             cstackBANK0  00009E
ENCODER_Task@current_state                                 cstackBANK0  0000A1
ENCODER_Task@direction                                     cstackBANK0  0000A0
LED_Enable@led                                             cstackBANK0  0000A0
LED_Off@led                                                cstackBANK0  0000A0
LED_On@led                                                 cstackBANK0  0000A0
LED_Toggle@led                                             cstackBANK0  0000A0
SYSTEM_Initialize@state                                    cstackBANK0  0000A3
USBConfigureEndpoint@EPNum                                 cstackCOMRAM 000033
USBConfigureEndpoint@direction                             cstackCOMRAM 00002C
USBConfigureEndpoint@handle                                cstackCOMRAM 000034
USBCtrlTrfInHandler@lastDTS                                cstackCOMRAM 00002D
USBCtrlTrfRxService@byteToRead                             cstackCOMRAM 00002D
USBCtrlTrfRxService@i                                      cstackCOMRAM 00002C
USBCtrlTrfTxService@byteToSend                             cstackCOMRAM 00002C
USBDeviceInit@i                                            cstackBANK0  0000A6
USBDeviceTasks@i                                           cstackCOMRAM 00004B
USBEnableEndpoint@ep                                       cstackCOMRAM 000039
USBEnableEndpoint@options                                  cstackCOMRAM 000036
USBEnableEndpoint@p                                        cstackCOMRAM 000037
USBStdFeatureReqHandler@current_ep_data                    cstackCOMRAM 000046
USBStdFeatureReqHandler@p                                  cstackCOMRAM 000047
USBStdFeatureReqHandler@pUEP                               cstackCOMRAM 000044
USBStdGetStatusHandler@p                                   cstackCOMRAM 00002C
USBStdSetCfgHandler@i                                      cstackCOMRAM 000042
USBTransferOnePacket@data                                  cstackBANK0  00009F
USBTransferOnePacket@dir                                   cstackBANK0  00009E
USBTransferOnePacket@ep                                    cstackBANK0  0000A6
USBTransferOnePacket@handle                                cstackBANK0  0000A7
USBTransferOnePacket@len                                   cstackBANK0  0000A1
USER_USB_CALLBACK_EVENT_HANDLER@event                      cstackCOMRAM 00003A
USER_USB_CALLBACK_EVENT_HANDLER@pdata                      cstackCOMRAM 00003C
USER_USB_CALLBACK_EVENT_HANDLER@size                       cstackCOMRAM 00003E
_APP_ConsumerInit                                          text40       0024C6
_APP_ConsumerTasks                                         text6        002ADC
_APP_DeviceKeyboardInitialize                              text48       002DEA
_APP_HandleModeSwitch                                      text14       002740
_APP_HandleScrollWheel                                     text9        000FE6
_APP_HandleVolumeControl                                   text8        001740
_APP_LEDUpdateUSBStatus                                    text39       001C74
_BDT                                                       (abs)        000400
_BUTTON_Enable                                             text5        0028C8
_BUTTON_IsPressed                                          text17       0023B2
_BothEP0OutUOWNsSet                                        bssCOMRAM    000023
_CtrlTrfData                                               (abs)        000438
_ENCODER_GetDirection                                      text13       002BC0
_ENCODER_Initialize                                        text47       002C46
_ENCODER_Task                                              text7        0020E8
_INTCONbits                                                (abs)        000FF2
_IPR2bits                                                  (abs)        000FA2
_LATAbits                                                  (abs)        000F89
_LED_Enable                                                text4        0025A8
_LED_Off                                                   text16       0026DA
_LED_On                                                    text15       002674
_LED_Toggle                                                text12       00260E
_LocalSOFCount                                             bssBANK0     000088
_OldSOFCount                                               bssBANK0     000086
_PIE2bits                                                  (abs)        000FA0
_PIR2bits                                                  (abs)        000FA1
_PORTBbits                                                 (abs)        000F81
_RCONbits                                                  (abs)        000FD0
_RemoteWakeup                                              bssCOMRAM    000026
_SOFCounter                                                bssCOMRAM    000013
_SYSTEM_Initialize                                         text3        002A8E
_SYS_InterruptHigh                                         intcode      000008
_SetupPkt                                                  (abs)        000430
_TRISAbits                                                 (abs)        000F92
_TRISBbits                                                 (abs)        000F93
_UADDR                                                     (abs)        000F6E
_UCFG                                                      (abs)        000F6F
_UCON                                                      (abs)        000F6D
_UCONbits                                                  (abs)        000F6D
_UEIE                                                      (abs)        000F6B
_UEIR                                                      (abs)        000F6A
_UEP0                                                      (abs)        000F70
_UEP0bits                                                  (abs)        000F70
_UEP1                                                      (abs)        000F71
_UIE                                                       (abs)        000F69
_UIEbits                                                   (abs)        000F69
_UIR                                                       (abs)        000F68
_UIRbits                                                   (abs)        000F68
_USB1msTickCount                                           bssBANK0     000078
_USBActiveConfiguration                                    bssCOMRAM    00002B
_USBAlternateInterface                                     bssBANK0     00009A
_USBBusIsSuspended                                         bssCOMRAM    000025
_USBCheckHIDRequest                                        text38       000E1E
_USBCheckStdRequest                                        text30       001A70
_USBConfigureEndpoint                                      text46       00230A
_USBCtrlEPAllowDataStage                                   text29       002262
_USBCtrlEPAllowStatusStage                                 text51       001E56
_USBCtrlEPService                                          text25       0021AA
_USBCtrlEPServiceComplete                                  text28       0013CC
_USBCtrlTrfInHandler                                       text52       001B72
_USBCtrlTrfOutHandler                                      text49       002538
_USBCtrlTrfRxService                                       text50       00128C
_USBCtrlTrfSetupHandler                                    text27       002448
_USBCtrlTrfTxService                                       text53       001960
_USBDeferINDataStagePackets                                bssCOMRAM    00001E
_USBDeferOUTDataStagePackets                               bssCOMRAM    00001D
_USBDeferStatusStagePacket                                 bssCOMRAM    000021
_USBDeviceAttach                                           text2        002C04
_USBDeviceInit                                             text1        00162A
_USBDeviceState                                            bssCOMRAM    000029
_USBDeviceTasks                                            text19       000C06
_USBEnableEndpoint                                         text45       002B2A
_USBIncrement1msInternalTimers                             text24       002D66
_USBStallHandler                                           text23       002928
_USBStatusStageEnabledFlag1                                bssCOMRAM    000020
_USBStatusStageEnabledFlag2                                bssCOMRAM    00001F
_USBStatusStageTimeoutCounter                              bssCOMRAM    000022
_USBStdFeatureReqHandler                                   text35       0008F8
_USBStdGetDscHandler                                       text34       00114A
_USBStdGetStatusHandler                                    text33       001D68
_USBStdSetCfgHandler                                       text31       001F42
_USBSuspend                                                text22       002D9A
_USBTicksSinceSuspendEnd                                   bssCOMRAM    00001C
_USBTransferOnePacket                                      text11       001500
_USBWakeFromSuspend                                        text21       002CC0
_USB_CD_Ptr                                                smallconst   000814
_USB_SD_Ptr                                                smallconst   000811
_USER_USB_CALLBACK_EVENT_HANDLER                           text36       002016
_USTAT                                                     (abs)        000F6C
_USTATcopy                                                 bssCOMRAM    00002A
__HRAM                                                     (abs)        000000
__H__absolute__                                            __absolute__ 000000
__Habs1                                                    abs1         000000
__Hbank0                                                   bank0        000000
__Hbank1                                                   bank1        000000
__Hbank2                                                   bank2        000000
__Hbank3                                                   bank3        000000
__Hbank4                                                   bank4        000000
__Hbank5                                                   bank5        000000
__Hbank6                                                   bank6        000000
__Hbank7                                                   bank7        000000
__Hbigbss                                                  bigbss       000000
__Hbigdata                                                 bigdata      000000
__Hbigram                                                  bigram       000000
__Hbigsfr                                                  bigsfr       000000
__Hbss                                                     bss          000000
__HbssBANK0                                                bssBANK0     000000
__HbssCOMRAM                                               bssCOMRAM    000000
__Hcinit                                                   cinit        000000
__Hclrtext                                                 clrtext      000000
__Hcomram                                                  comram       000000
__Hconfig                                                  config       30000E
__Hconst                                                   const        000000
__HcstackBANK0                                             cstackBANK0  000000
__HcstackCOMRAM                                            cstackCOMRAM 000000
__Hdata                                                    data         000000
__Heeprom_data                                             eeprom_data  000000
__Hfarbss                                                  farbss       000000
__Hfardata                                                 fardata      000000
__Hheap                                                    heap         000000
__Hibigdata                                                ibigdata     000000
__Hidata                                                   idata        000000
__Hidloc                                                   idloc        000000
__Hifardata                                                ifardata     000000
__Hinit                                                    init         000012
__Hintcode                                                 intcode      00000E
__Hintcode_body                                            intcode_body 000000
__Hintcodelo                                               intcodelo    000018
__Hintentry                                                intentry     000000
__Hintret                                                  intret       000000
__Hintsave_regs                                            intsave_regs 000000
__Hirdata                                                  irdata       000000
__Hmediumconst                                             mediumconst  000000
__HnvFARRAM                                                nvFARRAM     000000
__Hnvbit                                                   nvbit        000000
__Hnvrram                                                  nvrram       000000
__Hparam                                                   rparam       000000
__Hpowerup                                                 powerup      000000
__Hram                                                     ram          000000
__Hramtop                                                  ramtop       000800
__Hrbit                                                    rbit         000000
__Hrbss                                                    rbss         000000
__Hrdata                                                   rdata        000000
__Hreset_vec                                               reset_vec    000004
__Hrparam                                                  rparam       000000
__Hsfr                                                     sfr          000000
__Hsivt_hi                                                 sivt_hi      000000
__Hsivt_lo                                                 sivt_lo      000018
__Hsmallconst                                              smallconst   0008F8
__Hspace_0                                                 (abs)        002E08
__Hspace_1                                                 (abs)        0000B0
__Hspace_2                                                 (abs)        000000
__Hspace_4                                                 (abs)        60000E
__Hstack                                                   stack        000000
__Hstruct                                                  struct       000000
__Htemp                                                    temp         000057
__Htext                                                    text         000000
__Htext0                                                   text0        000000
__Htext1                                                   text1        000000
__Htext10                                                  text10       000000
__Htext11                                                  text11       000000
__Htext12                                                  text12       000000
__Htext13                                                  text13       000000
__Htext14                                                  text14       000000
__Htext15                                                  text15       000000
__Htext16                                                  text16       000000
__Htext17                                                  text17       000000
__Htext19                                                  text19       000000
__Htext2                                                   text2        000000
__Htext20                                                  text20       000000
__Htext21                                                  text21       000000
__Htext22                                                  text22       000000
__Htext23                                                  text23       000000
__Htext24                                                  text24       000000
__Htext25                                                  text25       000000
__Htext26                                                  text26       000000
__Htext27                                                  text27       000000
__Htext28                                                  text28       000000
__Htext29                                                  text29       000000
__Htext3                                                   text3        000000
__Htext30                                                  text30       000000
__Htext31                                                  text31       000000
__Htext32                                                  text32       000000
__Htext33                                                  text33       000000
__Htext34                                                  text34       000000
__Htext35                                                  text35       000000
__Htext36                                                  text36       000000
__Htext37                                                  text37       000000
__Htext38                                                  text38       000000
__Htext39                                                  text39       000000
__Htext4                                                   text4        000000
__Htext40                                                  text40       000000
__Htext41                                                  text41       000000
__Htext42                                                  text42       000000
__Htext43                                                  text43       000000
__Htext44                                                  text44       000000
__Htext45                                                  text45       000000
__Htext46                                                  text46       000000
__Htext47                                                  text47       000000
__Htext48                                                  text48       000000
__Htext49                                                  text49       000000
__Htext5                                                   text5        000000
__Htext50                                                  text50       000000
__Htext51                                                  text51       000000
__Htext52                                                  text52       000000
__Htext53                                                  text53       000000
__Htext6                                                   text6        000000
__Htext7                                                   text7        000000
__Htext8                                                   text8        000000
__Htext9                                                   text9        000000
__LRAM                                                     (abs)        000001
__L__absolute__                                            __absolute__ 000000
__Labs1                                                    abs1         000000
__Lbank0                                                   bank0        000000
__Lbank1                                                   bank1        000000
__Lbank2                                                   bank2        000000
__Lbank3                                                   bank3        000000
__Lbank4                                                   bank4        000000
__Lbank5                                                   bank5        000000
__Lbank6                                                   bank6        000000
__Lbank7                                                   bank7        000000
__Lbigbss                                                  bigbss       000000
__Lbigdata                                                 bigdata      000000
__Lbigram                                                  bigram       000000
__Lbigsfr                                                  bigsfr       000000
__Lbss                                                     bss          000000
__LbssBANK0                                                bssBANK0     000000
__LbssCOMRAM                                               bssCOMRAM    000000
__Lcinit                                                   cinit        000000
__Lclrtext                                                 clrtext      000000
__Lcomram                                                  comram       000000
__Lconfig                                                  config       000000
__Lconst                                                   const        000000
__LcstackBANK0                                             cstackBANK0  000000
__LcstackCOMRAM                                            cstackCOMRAM 000000
__Ldata                                                    data         000000
__Leeprom_data                                             eeprom_data  000000
__Lfarbss                                                  farbss       000000
__Lfardata                                                 fardata      000000
__Lheap                                                    heap         000000
__Libigdata                                                ibigdata     000000
__Lidata                                                   idata        000000
__Lidloc                                                   idloc        000000
__Lifardata                                                ifardata     000000
__Linit                                                    init         00000E
__Lintcode                                                 intcode      000008
__Lintcode_body                                            intcode_body 000000
__Lintcodelo                                               intcodelo    000018
__Lintentry                                                intentry     000000
__Lintret                                                  intret       000000
__Lintsave_regs                                            intsave_regs 000000
__Lirdata                                                  irdata       000000
__Lmediumconst                                             mediumconst  000000
__LnvFARRAM                                                nvFARRAM     000000
__Lnvbit                                                   nvbit        000000
__Lnvrram                                                  nvrram       000000
__Lparam                                                   rparam       000000
__Lpowerup                                                 powerup      000000
__Lram                                                     ram          000000
__Lramtop                                                  ramtop       000800
__Lrbit                                                    rbit         000000
__Lrbss                                                    rbss         000000
__Lrdata                                                   rdata        000000
__Lreset_vec                                               reset_vec    000000
__Lrparam                                                  rparam       000000
__Lsfr                                                     sfr          000000
__Lsivt_hi                                                 sivt_hi      000000
__Lsivt_lo                                                 sivt_lo      000018
__Lsmallconst                                              smallconst   000800
__Lspace_0                                                 (abs)        000000
__Lspace_1                                                 (abs)        000000
__Lspace_2                                                 (abs)        000000
__Lspace_4                                                 (abs)        000000
__Lstack                                                   stack        000000
__Lstruct                                                  struct       000000
__Ltemp                                                    temp         000056
__Ltext                                                    text         000000
__Ltext0                                                   text0        000000
__Ltext1                                                   text1        000000
__Ltext10                                                  text10       000000
__Ltext11                                                  text11       000000
__Ltext12                                                  text12       000000
__Ltext13                                                  text13       000000
__Ltext14                                                  text14       000000
__Ltext15                                                  text15       000000
__Ltext16                                                  text16       000000
__Ltext17                                                  text17       000000
__Ltext19                                                  text19       000000
__Ltext2                                                   text2        000000
__Ltext20                                                  text20       000000
__Ltext21                                                  text21       000000
__Ltext22                                                  text22       000000
__Ltext23                                                  text23       000000
__Ltext24                                                  text24       000000
__Ltext25                                                  text25       000000
__Ltext26                                                  text26       000000
__Ltext27                                                  text27       000000
__Ltext28                                                  text28       000000
__Ltext29                                                  text29       000000
__Ltext3                                                   text3        000000
__Ltext30                                                  text30       000000
__Ltext31                                                  text31       000000
__Ltext32                                                  text32       000000
__Ltext33                                                  text33       000000
__Ltext34                                                  text34       000000
__Ltext35                                                  text35       000000
__Ltext36                                                  text36       000000
__Ltext37                                                  text37       000000
__Ltext38                                                  text38       000000
__Ltext39                                                  text39       000000
__Ltext4                                                   text4        000000
__Ltext40                                                  text40       000000
__Ltext41                                                  text41       000000
__Ltext42                                                  text42       000000
__Ltext43                                                  text43       000000
__Ltext44                                                  text44       000000
__Ltext45                                                  text45       000000
__Ltext46                                                  text46       000000
__Ltext47                                                  text47       000000
__Ltext48                                                  text48       000000
__Ltext49                                                  text49       000000
__Ltext5                                                   text5        000000
__Ltext50                                                  text50       000000
__Ltext51                                                  text51       000000
__Ltext52                                                  text52       000000
__Ltext53                                                  text53       000000
__Ltext6                                                   text6        000000
__Ltext7                                                   text7        000000
__Ltext8                                                   text8        000000
__Ltext9                                                   text9        000000
__S0                                                       (abs)        002E08
__S1                                                       (abs)        0000B0
__S4                                                       (abs)        000000
__S5                                                       (abs)        000000
___heap_hi                                                 (abs)        000000
___heap_lo                                                 (abs)        000000
___inthi_sp                                                stack        000000
___inthi_stack_hi                                          stack        000000
___inthi_stack_lo                                          stack        000000
___intlo_sp                                                stack        000000
___intlo_stack_hi                                          stack        000000
___intlo_stack_lo                                          stack        000000
___param_bank                                              (abs)        000000
___rparam_used                                             (abs)        000001
___sp                                                      stack        000000
___stack_hi                                                stack        000000
___stack_lo                                                stack        000000
__accesstop                                                (abs)        000060
__activetblptr                                             (abs)        000002
__end_of_APP_ConsumerInit                                  text40       002538
__end_of_APP_ConsumerTasks                                 text6        002B2A
__end_of_APP_DeviceKeyboardInitialize                      text48       002E08
__end_of_APP_HandleModeSwitch                              text14       0027A2
__end_of_APP_HandleScrollWheel                             text9        00114A
__end_of_APP_HandleVolumeControl                           text8        001850
__end_of_APP_LEDUpdateUSBStatus                            text39       001D68
__end_of_BUTTON_Enable                                     text5        002928
__end_of_BUTTON_IsPressed                                  text17       002448
__end_of_ENCODER_GetDirection                              text13       002C04
__end_of_ENCODER_Initialize                                text47       002C86
__end_of_ENCODER_Task                                      text7        0021AA
__end_of_LED_Enable                                        text4        00260E
__end_of_LED_Off                                           text16       002740
__end_of_LED_On                                            text15       0026DA
__end_of_LED_Toggle                                        text12       002674
__end_of_SYSTEM_Initialize                                 text3        002ADC
__end_of_SYS_InterruptHigh                                 intcode_body 002A3E
__end_of_USBCheckHIDRequest                                text38       000FE6
__end_of_USBCheckStdRequest                                text30       001B72
__end_of_USBConfigureEndpoint                              text46       0023B2
__end_of_USBCtrlEPAllowDataStage                           text29       00230A
__end_of_USBCtrlEPAllowStatusStage                         text51       001F42
__end_of_USBCtrlEPService                                  text25       002262
__end_of_USBCtrlEPServiceComplete                          text28       001500
__end_of_USBCtrlTrfInHandler                               text52       001C74
__end_of_USBCtrlTrfOutHandler                              text49       0025A8
__end_of_USBCtrlTrfRxService                               text50       0013CC
__end_of_USBCtrlTrfSetupHandler                            text27       0024C6
__end_of_USBCtrlTrfTxService                               text53       001A70
__end_of_USBDeviceAttach                                   text2        002C46
__end_of_USBDeviceInit                                     text1        001740
__end_of_USBDeviceTasks                                    text19       000E1E
__end_of_USBEnableEndpoint                                 text45       002B76
__end_of_USBIncrement1msInternalTimers                     text24       002D9A
__end_of_USBStallHandler                                   text23       002988
__end_of_USBStdFeatureReqHandler                           text35       000C06
__end_of_USBStdGetDscHandler                               text34       00128C
__end_of_USBStdGetStatusHandler                            text33       001E56
__end_of_USBStdSetCfgHandler                               text31       002016
__end_of_USBSuspend                                        text22       002DC4
__end_of_USBTransferOnePacket                              text11       00162A
__end_of_USBWakeFromSuspend                                text21       002CFA
__end_of_USB_CD_Ptr                                        smallconst   000815
__end_of_USB_SD_Ptr                                        smallconst   000814
__end_of_USER_USB_CALLBACK_EVENT_HANDLER                   text36       0020E8
__end_of__initialization                                   cinit        002DDC
__end_of_configDescriptor1                                 smallconst   000850
__end_of_device_dsc                                        smallconst   0008F3
__end_of_encoder_table                                     smallconst   000811
__end_of_hid_rpt01                                         smallconst   0008AB
__end_of_hid_rpt02                                         smallconst   0008E1
__end_of_main                                              text0        002D66
__end_of_memcpy                                            text26       002A8E
__end_of_memset                                            text10       002CC0
__end_of_sd000                                             smallconst   0008F7
__end_of_sd001                                             smallconst   000884
__end_of_sd002                                             smallconst   0008C9
__end_ofi2_BUTTON_Enable                                   text44       0029E4
__end_ofi2_LED_Enable                                      text43       0028C8
__end_ofi2_LED_Off                                         text42       002866
__end_ofi2_LED_On                                          text41       002804
__end_ofi2_SYSTEM_Initialize                               text37       002BC0
__end_ofi2_USBDeviceInit                                   text20       001960
__end_ofi2_memset                                          text32       002D32
__initialization                                           cinit        002DC4
__mediumconst                                              smallconst   000800
__pbssBANK0                                                bssBANK0     000060
__pbssCOMRAM                                               bssCOMRAM    000001
__pcinit                                                   cinit        002DC4
__pcstackBANK0                                             cstackBANK0  00009E
__pcstackCOMRAM                                            cstackCOMRAM 00002C
__pintcode                                                 intcode      000008
__pintcode_body                                            intcode_body 0029E4
__psmallconst                                              smallconst   000800
__ptext0                                                   text0        002D32
__ptext1                                                   text1        00162A
__ptext10                                                  text10       002C86
__ptext11                                                  text11       001500
__ptext12                                                  text12       00260E
__ptext13                                                  text13       002BC0
__ptext14                                                  text14       002740
__ptext15                                                  text15       002674
__ptext16                                                  text16       0026DA
__ptext17                                                  text17       0023B2
__ptext19                                                  text19       000C06
__ptext2                                                   text2        002C04
__ptext20                                                  text20       001850
__ptext21                                                  text21       002CC0
__ptext22                                                  text22       002D9A
__ptext23                                                  text23       002928
__ptext24                                                  text24       002D66
__ptext25                                                  text25       0021AA
__ptext26                                                  text26       002A3E
__ptext27                                                  text27       002448
__ptext28                                                  text28       0013CC
__ptext29                                                  text29       002262
__ptext3                                                   text3        002A8E
__ptext30                                                  text30       001A70
__ptext31                                                  text31       001F42
__ptext32                                                  text32       002CFA
__ptext33                                                  text33       001D68
__ptext34                                                  text34       00114A
__ptext35                                                  text35       0008F8
__ptext36                                                  text36       002016
__ptext37                                                  text37       002B76
__ptext38                                                  text38       000E1E
__ptext39                                                  text39       001C74
__ptext4                                                   text4        0025A8
__ptext40                                                  text40       0024C6
__ptext41                                                  text41       0027A2
__ptext42                                                  text42       002804
__ptext43                                                  text43       002866
__ptext44                                                  text44       002988
__ptext45                                                  text45       002B2A
__ptext46                                                  text46       00230A
__ptext47                                                  text47       002C46
__ptext48                                                  text48       002DEA
__ptext49                                                  text49       002538
__ptext5                                                   text5        0028C8
__ptext50                                                  text50       00128C
__ptext51                                                  text51       001E56
__ptext52                                                  text52       001B72
__ptext53                                                  text53       001960
__ptext6                                                   text6        002ADC
__ptext7                                                   text7        0020E8
__ptext8                                                   text8        001740
__ptext9                                                   text9        000FE6
__ramtop                                                   ramtop       000800
__smallconst                                               smallconst   000800
_active_protocol                                           bssBANK0     00009C
_configDescriptor1                                         smallconst   000815
_consumerReport                                            (abs)        000500
_controlTransferState                                      bssCOMRAM    000027
_currentMode                                               bssBANK0     000093
_debounce_count                                            bssBANK0     00008F
_device_dsc                                                smallconst   0008E1
_encoder_count                                             bssCOMRAM    00001B
_encoder_prev_state                                        bssBANK0     000090
_encoder_table                                             smallconst   000801
_endpoint_number                                           bssCOMRAM    000024
_ep_data_in                                                bssBANK0     00007F
_ep_data_out                                               bssBANK0     00007C
_hid_rpt01                                                 smallconst   000884
_hid_rpt02                                                 smallconst   0008C9
_idle_rate                                                 bssBANK0     00009D
_inPipes                                                   bssCOMRAM    00000E
_keyboard                                                  bssBANK0     000060
_keyboardReport                                            bssBANK0     000094
_lastButtonState                                           bssBANK0     000092
_lastConsumerTransmission                                  bssBANK0     000084
_lastKeyboardTransmission                                  bssBANK0     000082
_last_stable_state                                         bssBANK0     00008E
_main                                                      text0        002D32
_memcpy                                                    text26       002A3E
_memset                                                    text10       002C86
_oldconsumerReport                                         bssBANK0     00008A
_oldkeyboardReport                                         bssBANK0     00006C
_outPipes                                                  bssCOMRAM    000001
_pBDTEntryEP0OutCurrent                                    bssCOMRAM    000017
_pBDTEntryEP0OutNext                                       bssCOMRAM    000015
_pBDTEntryIn                                               bssCOMRAM    000008
_pBDTEntryOut                                              bssBANK0     000072
_pDst                                                      bssBANK0     00008C
_sd000                                                     smallconst   0008F3
_sd001                                                     smallconst   000850
_sd002                                                     smallconst   0008AB
_shortPacketStatus                                         bssCOMRAM    000028
btemp                                                      temp         000056
end_of_initialization                                      cinit        002DDC
i2BUTTON_Enable@button                                     cstackCOMRAM 00002E
i2LED_Enable@led                                           cstackCOMRAM 00002E
i2LED_Off@led                                              cstackCOMRAM 00002E
i2LED_On@led                                               cstackCOMRAM 00002E
i2SYSTEM_Initialize@state                                  cstackCOMRAM 000031
i2USBDeviceInit@i                                          cstackCOMRAM 000034
i2_BUTTON_Enable                                           text44       002988
i2_LED_Enable                                              text43       002866
i2_LED_Off                                                 text42       002804
i2_LED_On                                                  text41       0027A2
i2_SYSTEM_Initialize                                       text37       002B76
i2_USBDeviceInit                                           text20       001850
i2_memset                                                  text32       002CFA
i2memset@c                                                 cstackCOMRAM 00002E
i2memset@dest                                              cstackCOMRAM 00002C
i2memset@n                                                 cstackCOMRAM 000030
i2memset@p                                                 cstackCOMRAM 000032
int$flags                                                  temp         000056
int_func                                                   intcode_body 0029E4
intlevel0                                                  text         000000
intlevel1                                                  text         000000
intlevel2                                                  text         000000
intlevel3                                                  text         000000
isa$std                                                    (abs)        000001
isa$xinst                                                  (abs)        000000
memcpy@d                                                   cstackCOMRAM 000032
memcpy@d1                                                  cstackCOMRAM 00002C
memcpy@n                                                   cstackCOMRAM 000030
memcpy@s                                                   cstackCOMRAM 000034
memcpy@s1                                                  cstackCOMRAM 00002E
memcpy@tmp                                                 cstackCOMRAM 000036
memset@c                                                   cstackBANK0  0000A0
memset@dest                                                cstackBANK0  00009E
memset@n                                                   cstackBANK0  0000A2
memset@p                                                   cstackBANK0  0000A4
stackhi                                                    (abs)        000000
stacklo                                                    (abs)        000000
start                                                      init         00000E
start_initialization                                       cinit        002DC4
ttemp5                                                     temp         000057
ttemp6                                                     temp         00005A
ttemp7                                                     temp         00005E
wtemp8                                                     temp         000057


MODULE INFORMATION

Module		Function		Class		Link	Load	Size
usb_device_hid.c
		_USBCheckHIDRequest		CODE           	0E1E	0000	456

usb_device_hid.c estimated size: 456

C:\Program Files\Microchip\xc8\v3.00\pic\sources\c99\common\memcpy.c
		_memcpy        		CODE           	2A3E	0000	80

C:\Program Files\Microchip\xc8\v3.00\pic\sources\c99\common\memcpy.c estimated size: 80

app_device_consumer.c
		_APP_DeviceKeyboardInitialize		CODE           	2DEA	0000	30
		_APP_HandleScrollWheel		CODE           	0FE6	0000	356
		_APP_HandleModeSwitch		CODE           	2740	0000	98
		_APP_HandleVolumeControl		CODE           	1740	0000	272
		_APP_ConsumerInit		CODE           	24C6	0000	114
		_APP_ConsumerTasks		CODE           	2ADC	0000	78

app_device_consumer.c estimated size: 948

buttons.c
		_BUTTON_IsPressed		CODE           	23B2	0000	150
		_BUTTON_Enable 		CODE           	28C8	0000	96

buttons.c estimated size: 246

app_led_usb_status.c
		_APP_LEDUpdateUSBStatus		CODE           	1C74	0000	244

app_led_usb_status.c estimated size: 244

shared
		_configDescriptor1		SMALLCONST     	0815	0000	59
		_USB_CD_Ptr    		SMALLCONST     	0814	0000	1
		_sd001         		SMALLCONST     	0850	0000	52
		i2_BUTTON_Enable		CODE           	2988	0000	92
		_sd002         		SMALLCONST     	08AB	0000	30
		i2_USBDeviceInit		CODE           	1850	0000	272
		__initialization		CODE           	2DC4	0000	24
		_device_dsc    		SMALLCONST     	08E1	0000	18
		i2_LED_On      		CODE           	27A2	0000	98
		i2_LED_Off     		CODE           	2804	0000	98
		i2_SYSTEM_Initialize		CODE           	2B76	0000	74
		_USB_SD_Ptr    		SMALLCONST     	0811	0000	3
		i2_LED_Enable  		CODE           	2866	0000	98
		_encoder_table 		SMALLCONST     	0801	0000	16
		_hid_rpt01     		SMALLCONST     	0884	0000	39
		_hid_rpt02     		SMALLCONST     	08C9	0000	24
		i2_memset      		CODE           	2CFA	0000	56
		_sd000         		SMALLCONST     	08F3	0000	4

shared estimated size: 1058

leds.c
		_LED_Off       		CODE           	26DA	0000	102
		_LED_On        		CODE           	2674	0000	102
		_LED_Enable    		CODE           	25A8	0000	102
		_LED_Toggle    		CODE           	260E	0000	102

leds.c estimated size: 408

usb_device.c
		_USBCtrlTrfInHandler		CODE           	1B72	0000	258
		_USBTransferOnePacket		CODE           	1500	0000	298
		_USBDeviceAttach		CODE           	2C04	0000	66
		_USBStdGetDscHandler		CODE           	114A	0000	322
		_USBCtrlEPAllowDataStage		CODE           	2262	0000	168
		_USBStdFeatureReqHandler		CODE           	08F8	0000	782
		_USBCtrlEPAllowStatusStage		CODE           	1E56	0000	236
		_USBCtrlTrfSetupHandler		CODE           	2448	0000	126
		_USBCtrlTrfOutHandler		CODE           	2538	0000	112
		_USBCtrlEPServiceComplete		CODE           	13CC	0000	308
		_USBSuspend    		CODE           	2D9A	0000	42
		_USBStdSetCfgHandler		CODE           	1F42	0000	212
		_USBStdGetStatusHandler		CODE           	1D68	0000	238
		_USBWakeFromSuspend		CODE           	2CC0	0000	58
		_USBCtrlTrfRxService		CODE           	128C	0000	320
		_USBCtrlTrfTxService		CODE           	1960	0000	272
		_USBEnableEndpoint		CODE           	2B2A	0000	76
		_USBConfigureEndpoint		CODE           	230A	0000	168
		_USBDeviceInit 		CODE           	162A	0000	278
		_USBIncrement1msInternalTimers		CODE           	2D66	0000	52
		_USBCtrlEPService		CODE           	21AA	0000	184
		_USBStallHandler		CODE           	2928	0000	96
		_USBDeviceTasks		CODE           	0C06	0000	536
		_USBCheckStdRequest		CODE           	1A70	0000	258

usb_device.c estimated size: 5466

usb_events.c
		_USER_USB_CALLBACK_EVENT_HANDLER		CODE           	2016	0000	210

usb_events.c estimated size: 210

C:\Program Files\Microchip\xc8\v3.00\pic\sources\c99\common\memset.c
		_memset        		CODE           	2C86	0000	58

C:\Program Files\Microchip\xc8\v3.00\pic\sources\c99\common\memset.c estimated size: 58

encoder.c
		_ENCODER_Task  		CODE           	20E8	0000	194
		_ENCODER_Initialize		CODE           	2C46	0000	64
		_ENCODER_GetDirection		CODE           	2BC0	0000	68

encoder.c estimated size: 326

main.c
		_main          		CODE           	2D32	0000	52

main.c estimated size: 52

system.c
		_SYS_InterruptHigh		CODE           	0008	0000	96
		_SYSTEM_Initialize		CODE           	2A8E	0000	78

system.c estimated size: 174

